MPLINK 4.1, Linker
Linker Map File - Created Tue Sep 15 15:00:04 2015

                                 Section Info
                  Section       Type    Address   Location Size(Bytes)
                ---------  ---------  ---------  ---------  ---------
               _entry_scn       code   0x000000    program   0x000006
       InterruptVectorLow       code   0x000018    program   0x000006
                   .cinit    romdata   0x00002a    program   0x00001a
             .code_5110.o       code   0x000044    program   0x000a5c
                     PROG       code   0x000aa0    program   0x00039c
              .code_adc.o       code   0x000e3c    program   0x0001ee
             .code_main.o       code   0x00102a    program   0x0000c6
               _cinit_scn       code   0x0010f0    program   0x00009e
         .code_fxd1616u.o       code   0x00118e    program   0x00002c
             _startup_scn       code   0x0011ba    program   0x00001c
           .code___init.o       code   0x0011d6    program   0x000002
          .idata_main.o_i    romdata   0x0011d8    program   0x000008
          .idata_5110.o_i    romdata   0x0011e0    program   0x000230
                MATH_DATA      udata   0x000000       data   0x000014
            pic18_int_tmp      udata   0x000014       data   0x00000c
                 .tmpdata      udata   0x000020       data   0x000006
            .idata_5110.o      idata   0x000060       data   0x000230
            .udata_main.o      udata   0x000290       data   0x000052
           .udata_c018i.o      udata   0x0002e2       data   0x00000a
            .idata_main.o      idata   0x0002ec       data   0x000008
                   .stack      udata   0x000500       data   0x000100
            SFR_UNBANKED0      udata   0x000f77       data   0x000089



                              Program Memory Usage 
                               Start         End      
                           ---------   ---------      
                            0x000000    0x000005      
                            0x000018    0x00001d      
                            0x00002a    0x00140f      
            5106 out of 33048 program addresses used, program memory utilization is 15%



                              Symbols - Sorted by Name
                     Name    Address   Location    Storage File                     
                ---------  ---------  ---------  --------- ---------                
                   D1616S   0x000c6c    program     static C:\MCC18\SRC\TRADIT~1\MATH\fxd1616s.asm
                D1616SNEG   0x000c7a    program     static C:\MCC18\SRC\TRADIT~1\MATH\fxd1616s.asm
                 D1616SOK   0x000c76    program     static C:\MCC18\SRC\TRADIT~1\MATH\fxd1616s.asm
                  D1616SX   0x000c8c    program     static C:\MCC18\SRC\TRADIT~1\MATH\fxd1616s.asm
                  DA1616S   0x000c5c    program     static C:\MCC18\SRC\TRADIT~1\MATH\fxd1616s.asm
                 FLO1632S   0x000aa4    program     extern C:\MCC18\SRC\TRADIT~1\MATH\cast16FP.asm
                 FLO1632U   0x000aa0    program     extern C:\MCC18\SRC\TRADIT~1\MATH\cast16FP.asm
                    FPD32   0x000aca    program     extern C:\MCC18\SRC\TRADIT~1\MATH\divFP.asm
                    FPM32   0x000b70    program     extern C:\MCC18\SRC\TRADIT~1\MATH\mulFP.asm
                 FXD1616S   0x000c4a    program     extern C:\MCC18\SRC\TRADIT~1\MATH\fxd1616s.asm
                 FXD1616U   0x00118e    program     extern C:\MCC18\src\TRADIT~1\math\fxd1616u.c
                 FXM1616U   0x000c96    program     extern C:\MCC18\SRC\TRADIT~1\MATH\fxm1616u.asm
                  INT3216   0x000cd2    program     extern C:\MCC18\SRC\TRADIT~1\MATH\castFP16.asm
       InterruptVectorLow   0x000018    program     extern E:\pic18maplab\4\adc.c   
                LCD_clear   0x000172    program     extern E:\pic18maplab\4\5110.c  
       LCD_draw_bmp_pixel   0x0003d4    program     extern E:\pic18maplab\4\5110.c  
                 LCD_init   0x000116    program     extern E:\pic18maplab\4\5110.c  
               LCD_set_XY   0x0001d6    program     extern E:\pic18maplab\4\5110.c  
           LCD_write_byte   0x0004ea    program     extern E:\pic18maplab\4\5110.c  
           LCD_write_char   0x000206    program     extern E:\pic18maplab\4\5110.c  
 LCD_write_chinese_string   0x0002be    program     extern E:\pic18maplab\4\5110.c  
 LCD_write_english_string   0x00026c    program     extern E:\pic18maplab\4\5110.c  
                 __FpExit   0x000d3c    program     extern C:\MCC18\SRC\TRADIT~1\MATH\packFP.asm
                 __FpPack   0x000d68    program     extern C:\MCC18\SRC\TRADIT~1\MATH\packFP.asm
            __FpReturnNaN   0x000d30    program     extern C:\MCC18\SRC\TRADIT~1\MATH\packFP.asm
         __FpReturnNegInf   0x000d42    program     extern C:\MCC18\SRC\TRADIT~1\MATH\packFP.asm
        __FpReturnNegZero   0x000d5a    program     extern C:\MCC18\SRC\TRADIT~1\MATH\packFP.asm
         __FpReturnPosInf   0x000d48    program     extern C:\MCC18\SRC\TRADIT~1\MATH\packFP.asm
        __FpReturnPosZero   0x000d62    program     extern C:\MCC18\SRC\TRADIT~1\MATH\packFP.asm
        __FpReturnSignInf   0x000d3e    program     extern C:\MCC18\SRC\TRADIT~1\MATH\packFP.asm
       __FpReturnSignZero   0x000d56    program     extern C:\MCC18\SRC\TRADIT~1\MATH\packFP.asm
              __FpReturnW   0x000dc0    program     extern C:\MCC18\SRC\TRADIT~1\MATH\packFP.asm
              __FpUnPackA   0x000de0    program     extern C:\MCC18\SRC\TRADIT~1\MATH\UnpackFP.asm
              __FpUnPackB   0x000e10    program     extern C:\MCC18\SRC\TRADIT~1\MATH\UnpackFP.asm
       ___return_lbl00000   0x0011b8    program     static                          
       ___return_lbl00000   0x000004    program     static                          
       ___return_lbl00001   0x0011d4    program     static                          
       ___return_lbl00002   0x00118c    program     static                          
       ___return_lbl00003   0x00001c    program     static                          
                   __init   0x0011d6    program     extern C:\MCC18\src\TRADIT~1\stdclib\__init.c
                _do_cinit   0x0010f0    program     extern C:\MCC18\src\traditional\startup\c018i.c
                   _entry   0x000000    program     extern C:\MCC18\src\traditional\startup\c018i.c
                 _startup   0x0011ba    program     extern C:\MCC18\src\traditional\startup\c018i.c
                 adc_init   0x000e3c    program     extern E:\pic18maplab\4\adc.c   
                copy_loop   0x001162    program     static                          
            copy_one_byte   0x001168    program     static                          
                    delay   0x00102a    program     extern E:\pic18maplab\4\main.c  
                delay_1ms   0x000084    program     extern E:\pic18maplab\4\5110.c  
                delay_1us   0x000044    program     extern E:\pic18maplab\4\5110.c  
                delay_nms   0x0000c4    program     extern E:\pic18maplab\4\5110.c  
                  display   0x000972    program     extern E:\pic18maplab\4\5110.c  
                     done   0x00118c    program     static                          
             done_copying   0x001176    program     static                          
                  endloop   0x0011b4    program     static                          
                 jANotInf   0x000ae8    program     static C:\MCC18\SRC\TRADIT~1\MATH\divFP.asm
                 jANotInf   0x000b8e    program     static C:\MCC18\SRC\TRADIT~1\MATH\mulFP.asm
                jANotZero   0x000afc    program     static C:\MCC18\SRC\TRADIT~1\MATH\divFP.asm
              jBothFinite   0x000b9c    program     static C:\MCC18\SRC\TRADIT~1\MATH\mulFP.asm
             jBothNotZero   0x000ba8    program     static C:\MCC18\SRC\TRADIT~1\MATH\mulFP.asm
                    jExit   0x000d2e    program     static C:\MCC18\SRC\TRADIT~1\MATH\castFP16.asm
                jHaveZero   0x000ba4    program     static C:\MCC18\SRC\TRADIT~1\MATH\mulFP.asm
                jI2F16Beg   0x000ab4    program     static C:\MCC18\SRC\TRADIT~1\MATH\cast16FP.asm
                    jLoop   0x000d0e    program     static C:\MCC18\SRC\TRADIT~1\MATH\castFP16.asm
                    jLoop   0x000b24    program     static C:\MCC18\SRC\TRADIT~1\MATH\divFP.asm
                jLoopExit   0x000d1e    program     static C:\MCC18\SRC\TRADIT~1\MATH\castFP16.asm
                     jMax   0x000ce2    program     static C:\MCC18\SRC\TRADIT~1\MATH\castFP16.asm
                  jMaxNeg   0x000cf0    program     static C:\MCC18\SRC\TRADIT~1\MATH\castFP16.asm
                  jMaxPos   0x000ce6    program     static C:\MCC18\SRC\TRADIT~1\MATH\castFP16.asm
                    jNext   0x000b4a    program     static C:\MCC18\SRC\TRADIT~1\MATH\divFP.asm
                jNoAdjust   0x000b48    program     static C:\MCC18\SRC\TRADIT~1\MATH\divFP.asm
                  jNotInf   0x000cfe    program     static C:\MCC18\SRC\TRADIT~1\MATH\castFP16.asm
                  jPkLoop   0x000d76    program     static C:\MCC18\SRC\TRADIT~1\MATH\packFP.asm
             jPkRoundDone   0x000dc0    program     static C:\MCC18\SRC\TRADIT~1\MATH\packFP.asm
               jPkRoundIt   0x000da8    program     static C:\MCC18\SRC\TRADIT~1\MATH\packFP.asm
             jPkShiftDone   0x000d92    program     static C:\MCC18\SRC\TRADIT~1\MATH\packFP.asm
           jReturnPosInf0   0x000d4c    program     static C:\MCC18\SRC\TRADIT~1\MATH\packFP.asm
              jSignedZero   0x000af2    program     static C:\MCC18\SRC\TRADIT~1\MATH\divFP.asm
                  jUnpkA1   0x000dea    program     static C:\MCC18\SRC\TRADIT~1\MATH\UnpackFP.asm
                  jUnpkA2   0x000e02    program     static C:\MCC18\SRC\TRADIT~1\MATH\UnpackFP.asm
                 jUnpkANZ   0x000df8    program     static C:\MCC18\SRC\TRADIT~1\MATH\UnpackFP.asm
                  jUnpkB1   0x000e1a    program     static C:\MCC18\SRC\TRADIT~1\MATH\UnpackFP.asm
                  jUnpkB2   0x000e32    program     static C:\MCC18\SRC\TRADIT~1\MATH\UnpackFP.asm
                 jUnpkBNZ   0x000e28    program     static C:\MCC18\SRC\TRADIT~1\MATH\UnpackFP.asm
                 jUnpkNaN   0x000e0c    program     static C:\MCC18\SRC\TRADIT~1\MATH\UnpackFP.asm
                    jZero   0x000cf8    program     static C:\MCC18\SRC\TRADIT~1\MATH\castFP16.asm
               jZero1and2   0x000d50    program     static C:\MCC18\SRC\TRADIT~1\MATH\packFP.asm
                     loop   0x0011ca    program     static                          
                     loop   0x001198    program     static                          
                     main   0x001096    program     extern E:\pic18maplab\4\main.c  
                     move   0x0008f4    program     extern E:\pic18maplab\4\5110.c  
                pic18_int   0x000e64    program     extern E:\pic18maplab\4\adc.c   
                     show   0x000534    program     extern E:\pic18maplab\4\5110.c  
                 show_dat   0x00061e    program     extern E:\pic18maplab\4\5110.c  
                 show_num   0x000838    program     extern E:\pic18maplab\4\5110.c  
                     test   0x00110a    program     static                          
                   ADCON0   0x000fc2       data     extern C:\MCC18\src\traditional\proc\p18f45k20.asm
               ADCON0bits   0x000fc2       data     extern C:\MCC18\src\traditional\proc\p18f45k20.asm
                   ADCON1   0x000fc1       data     extern C:\MCC18\src\traditional\proc\p18f45k20.asm
               ADCON1bits   0x000fc1       data     extern C:\MCC18\src\traditional\proc\p18f45k20.asm
                   ADCON2   0x000fc0       data     extern C:\MCC18\src\traditional\proc\p18f45k20.asm
               ADCON2bits   0x000fc0       data     extern C:\MCC18\src\traditional\proc\p18f45k20.asm
                    ADRES   0x000fc3       data     extern C:\MCC18\src\traditional\proc\p18f45k20.asm
                   ADRESH   0x000fc4       data     extern C:\MCC18\src\traditional\proc\p18f45k20.asm
                   ADRESL   0x000fc3       data     extern C:\MCC18\src\traditional\proc\p18f45k20.asm
                    ANSEL   0x000f7e       data     extern C:\MCC18\src\traditional\proc\p18f45k20.asm
                   ANSELH   0x000f7f       data     extern C:\MCC18\src\traditional\proc\p18f45k20.asm
               ANSELHbits   0x000f7f       data     extern C:\MCC18\src\traditional\proc\p18f45k20.asm
                ANSELbits   0x000f7e       data     extern C:\MCC18\src\traditional\proc\p18f45k20.asm
                  BAUDCON   0x000fb8       data     extern C:\MCC18\src\traditional\proc\p18f45k20.asm
              BAUDCONbits   0x000fb8       data     extern C:\MCC18\src\traditional\proc\p18f45k20.asm
                  BAUDCTL   0x000fb8       data     extern C:\MCC18\src\traditional\proc\p18f45k20.asm
              BAUDCTLbits   0x000fb8       data     extern C:\MCC18\src\traditional\proc\p18f45k20.asm
                      BSR   0x000fe0       data     extern C:\MCC18\src\traditional\proc\p18f45k20.asm
                  CCP1CON   0x000fbd       data     extern C:\MCC18\src\traditional\proc\p18f45k20.asm
              CCP1CONbits   0x000fbd       data     extern C:\MCC18\src\traditional\proc\p18f45k20.asm
                  CCP2CON   0x000fba       data     extern C:\MCC18\src\traditional\proc\p18f45k20.asm
              CCP2CONbits   0x000fba       data     extern C:\MCC18\src\traditional\proc\p18f45k20.asm
                    CCPR1   0x000fbe       data     extern C:\MCC18\src\traditional\proc\p18f45k20.asm
                   CCPR1H   0x000fbf       data     extern C:\MCC18\src\traditional\proc\p18f45k20.asm
                   CCPR1L   0x000fbe       data     extern C:\MCC18\src\traditional\proc\p18f45k20.asm
                    CCPR2   0x000fbb       data     extern C:\MCC18\src\traditional\proc\p18f45k20.asm
                   CCPR2H   0x000fbc       data     extern C:\MCC18\src\traditional\proc\p18f45k20.asm
                   CCPR2L   0x000fbb       data     extern C:\MCC18\src\traditional\proc\p18f45k20.asm
                  CM1CON0   0x000f7b       data     extern C:\MCC18\src\traditional\proc\p18f45k20.asm
              CM1CON0bits   0x000f7b       data     extern C:\MCC18\src\traditional\proc\p18f45k20.asm
                  CM2CON0   0x000f7a       data     extern C:\MCC18\src\traditional\proc\p18f45k20.asm
              CM2CON0bits   0x000f7a       data     extern C:\MCC18\src\traditional\proc\p18f45k20.asm
                  CM2CON1   0x000f79       data     extern C:\MCC18\src\traditional\proc\p18f45k20.asm
              CM2CON1bits   0x000f79       data     extern C:\MCC18\src\traditional\proc\p18f45k20.asm
                   CVRCON   0x000fb5       data     extern C:\MCC18\src\traditional\proc\p18f45k20.asm
                  CVRCON2   0x000fb4       data     extern C:\MCC18\src\traditional\proc\p18f45k20.asm
              CVRCON2bits   0x000fb4       data     extern C:\MCC18\src\traditional\proc\p18f45k20.asm
               CVRCONbits   0x000fb5       data     extern C:\MCC18\src\traditional\proc\p18f45k20.asm
                     DDRA   0x000f92       data     extern C:\MCC18\src\traditional\proc\p18f45k20.asm
                 DDRAbits   0x000f92       data     extern C:\MCC18\src\traditional\proc\p18f45k20.asm
                     DDRB   0x000f93       data     extern C:\MCC18\src\traditional\proc\p18f45k20.asm
                 DDRBbits   0x000f93       data     extern C:\MCC18\src\traditional\proc\p18f45k20.asm
                     DDRC   0x000f94       data     extern C:\MCC18\src\traditional\proc\p18f45k20.asm
                 DDRCbits   0x000f94       data     extern C:\MCC18\src\traditional\proc\p18f45k20.asm
                     DDRD   0x000f95       data     extern C:\MCC18\src\traditional\proc\p18f45k20.asm
                 DDRDbits   0x000f95       data     extern C:\MCC18\src\traditional\proc\p18f45k20.asm
                     DDRE   0x000f96       data     extern C:\MCC18\src\traditional\proc\p18f45k20.asm
                 DDREbits   0x000f96       data     extern C:\MCC18\src\traditional\proc\p18f45k20.asm
                  ECCP1AS   0x000fb6       data     extern C:\MCC18\src\traditional\proc\p18f45k20.asm
              ECCP1ASbits   0x000fb6       data     extern C:\MCC18\src\traditional\proc\p18f45k20.asm
                    EEADR   0x000fa9       data     extern C:\MCC18\src\traditional\proc\p18f45k20.asm
                   EECON1   0x000fa6       data     extern C:\MCC18\src\traditional\proc\p18f45k20.asm
               EECON1bits   0x000fa6       data     extern C:\MCC18\src\traditional\proc\p18f45k20.asm
                   EECON2   0x000fa7       data     extern C:\MCC18\src\traditional\proc\p18f45k20.asm
                   EEDATA   0x000fa8       data     extern C:\MCC18\src\traditional\proc\p18f45k20.asm
                     FSR0   0x000fe9       data     extern C:\MCC18\src\traditional\proc\p18f45k20.asm
                    FSR0H   0x000fea       data     extern C:\MCC18\src\traditional\proc\p18f45k20.asm
                    FSR0L   0x000fe9       data     extern C:\MCC18\src\traditional\proc\p18f45k20.asm
                     FSR1   0x000fe1       data     extern C:\MCC18\src\traditional\proc\p18f45k20.asm
                    FSR1H   0x000fe2       data     extern C:\MCC18\src\traditional\proc\p18f45k20.asm
                    FSR1L   0x000fe1       data     extern C:\MCC18\src\traditional\proc\p18f45k20.asm
                     FSR2   0x000fd9       data     extern C:\MCC18\src\traditional\proc\p18f45k20.asm
                    FSR2H   0x000fda       data     extern C:\MCC18\src\traditional\proc\p18f45k20.asm
                    FSR2L   0x000fd9       data     extern C:\MCC18\src\traditional\proc\p18f45k20.asm
                  HLVDCON   0x000fd2       data     extern C:\MCC18\src\traditional\proc\p18f45k20.asm
              HLVDCONbits   0x000fd2       data     extern C:\MCC18\src\traditional\proc\p18f45k20.asm
                    INDF0   0x000fef       data     extern C:\MCC18\src\traditional\proc\p18f45k20.asm
                    INDF1   0x000fe7       data     extern C:\MCC18\src\traditional\proc\p18f45k20.asm
                    INDF2   0x000fdf       data     extern C:\MCC18\src\traditional\proc\p18f45k20.asm
                   INTCON   0x000ff2       data     extern C:\MCC18\src\traditional\proc\p18f45k20.asm
                  INTCON2   0x000ff1       data     extern C:\MCC18\src\traditional\proc\p18f45k20.asm
              INTCON2bits   0x000ff1       data     extern C:\MCC18\src\traditional\proc\p18f45k20.asm
                  INTCON3   0x000ff0       data     extern C:\MCC18\src\traditional\proc\p18f45k20.asm
              INTCON3bits   0x000ff0       data     extern C:\MCC18\src\traditional\proc\p18f45k20.asm
               INTCONbits   0x000ff2       data     extern C:\MCC18\src\traditional\proc\p18f45k20.asm
                     IOCB   0x000f7d       data     extern C:\MCC18\src\traditional\proc\p18f45k20.asm
                 IOCBbits   0x000f7d       data     extern C:\MCC18\src\traditional\proc\p18f45k20.asm
                     IPR1   0x000f9f       data     extern C:\MCC18\src\traditional\proc\p18f45k20.asm
                 IPR1bits   0x000f9f       data     extern C:\MCC18\src\traditional\proc\p18f45k20.asm
                     IPR2   0x000fa2       data     extern C:\MCC18\src\traditional\proc\p18f45k20.asm
                 IPR2bits   0x000fa2       data     extern C:\MCC18\src\traditional\proc\p18f45k20.asm
                     LATA   0x000f89       data     extern C:\MCC18\src\traditional\proc\p18f45k20.asm
                 LATAbits   0x000f89       data     extern C:\MCC18\src\traditional\proc\p18f45k20.asm
                     LATB   0x000f8a       data     extern C:\MCC18\src\traditional\proc\p18f45k20.asm
                 LATBbits   0x000f8a       data     extern C:\MCC18\src\traditional\proc\p18f45k20.asm
                     LATC   0x000f8b       data     extern C:\MCC18\src\traditional\proc\p18f45k20.asm
                 LATCbits   0x000f8b       data     extern C:\MCC18\src\traditional\proc\p18f45k20.asm
                     LATD   0x000f8c       data     extern C:\MCC18\src\traditional\proc\p18f45k20.asm
                 LATDbits   0x000f8c       data     extern C:\MCC18\src\traditional\proc\p18f45k20.asm
                     LATE   0x000f8d       data     extern C:\MCC18\src\traditional\proc\p18f45k20.asm
                 LATEbits   0x000f8d       data     extern C:\MCC18\src\traditional\proc\p18f45k20.asm
                   LVDCON   0x000fd2       data     extern C:\MCC18\src\traditional\proc\p18f45k20.asm
               LVDCONbits   0x000fd2       data     extern C:\MCC18\src\traditional\proc\p18f45k20.asm
                   OSCCON   0x000fd3       data     extern C:\MCC18\src\traditional\proc\p18f45k20.asm
               OSCCONbits   0x000fd3       data     extern C:\MCC18\src\traditional\proc\p18f45k20.asm
                  OSCTUNE   0x000f9b       data     extern C:\MCC18\src\traditional\proc\p18f45k20.asm
              OSCTUNEbits   0x000f9b       data     extern C:\MCC18\src\traditional\proc\p18f45k20.asm
                       PC   0x000ff9       data     extern C:\MCC18\src\traditional\proc\p18f45k20.asm
                      PCL   0x000ff9       data     extern C:\MCC18\src\traditional\proc\p18f45k20.asm
                   PCLATH   0x000ffa       data     extern C:\MCC18\src\traditional\proc\p18f45k20.asm
                   PCLATU   0x000ffb       data     extern C:\MCC18\src\traditional\proc\p18f45k20.asm
                     PIE1   0x000f9d       data     extern C:\MCC18\src\traditional\proc\p18f45k20.asm
                 PIE1bits   0x000f9d       data     extern C:\MCC18\src\traditional\proc\p18f45k20.asm
                     PIE2   0x000fa0       data     extern C:\MCC18\src\traditional\proc\p18f45k20.asm
                 PIE2bits   0x000fa0       data     extern C:\MCC18\src\traditional\proc\p18f45k20.asm
                     PIR1   0x000f9e       data     extern C:\MCC18\src\traditional\proc\p18f45k20.asm
                 PIR1bits   0x000f9e       data     extern C:\MCC18\src\traditional\proc\p18f45k20.asm
                     PIR2   0x000fa1       data     extern C:\MCC18\src\traditional\proc\p18f45k20.asm
                 PIR2bits   0x000fa1       data     extern C:\MCC18\src\traditional\proc\p18f45k20.asm
                   PLUSW0   0x000feb       data     extern C:\MCC18\src\traditional\proc\p18f45k20.asm
                   PLUSW1   0x000fe3       data     extern C:\MCC18\src\traditional\proc\p18f45k20.asm
                   PLUSW2   0x000fdb       data     extern C:\MCC18\src\traditional\proc\p18f45k20.asm
                    PORTA   0x000f80       data     extern C:\MCC18\src\traditional\proc\p18f45k20.asm
                PORTAbits   0x000f80       data     extern C:\MCC18\src\traditional\proc\p18f45k20.asm
                    PORTB   0x000f81       data     extern C:\MCC18\src\traditional\proc\p18f45k20.asm
                PORTBbits   0x000f81       data     extern C:\MCC18\src\traditional\proc\p18f45k20.asm
                    PORTC   0x000f82       data     extern C:\MCC18\src\traditional\proc\p18f45k20.asm
                PORTCbits   0x000f82       data     extern C:\MCC18\src\traditional\proc\p18f45k20.asm
                    PORTD   0x000f83       data     extern C:\MCC18\src\traditional\proc\p18f45k20.asm
                PORTDbits   0x000f83       data     extern C:\MCC18\src\traditional\proc\p18f45k20.asm
                    PORTE   0x000f84       data     extern C:\MCC18\src\traditional\proc\p18f45k20.asm
                PORTEbits   0x000f84       data     extern C:\MCC18\src\traditional\proc\p18f45k20.asm
                 POSTDEC0   0x000fed       data     extern C:\MCC18\src\traditional\proc\p18f45k20.asm
                 POSTDEC1   0x000fe5       data     extern C:\MCC18\src\traditional\proc\p18f45k20.asm
                 POSTDEC2   0x000fdd       data     extern C:\MCC18\src\traditional\proc\p18f45k20.asm
                 POSTINC0   0x000fee       data     extern C:\MCC18\src\traditional\proc\p18f45k20.asm
                 POSTINC1   0x000fe6       data     extern C:\MCC18\src\traditional\proc\p18f45k20.asm
                 POSTINC2   0x000fde       data     extern C:\MCC18\src\traditional\proc\p18f45k20.asm
                      PR2   0x000fcb       data     extern C:\MCC18\src\traditional\proc\p18f45k20.asm
                  PREINC0   0x000fec       data     extern C:\MCC18\src\traditional\proc\p18f45k20.asm
                  PREINC1   0x000fe4       data     extern C:\MCC18\src\traditional\proc\p18f45k20.asm
                  PREINC2   0x000fdc       data     extern C:\MCC18\src\traditional\proc\p18f45k20.asm
                     PROD   0x000ff3       data     extern C:\MCC18\src\traditional\proc\p18f45k20.asm
                    PRODH   0x000ff4       data     extern C:\MCC18\src\traditional\proc\p18f45k20.asm
                    PRODL   0x000ff3       data     extern C:\MCC18\src\traditional\proc\p18f45k20.asm
                  PSTRCON   0x000fb9       data     extern C:\MCC18\src\traditional\proc\p18f45k20.asm
              PSTRCONbits   0x000fb9       data     extern C:\MCC18\src\traditional\proc\p18f45k20.asm
                  PWM1CON   0x000fb7       data     extern C:\MCC18\src\traditional\proc\p18f45k20.asm
              PWM1CONbits   0x000fb7       data     extern C:\MCC18\src\traditional\proc\p18f45k20.asm
                     RCON   0x000fd0       data     extern C:\MCC18\src\traditional\proc\p18f45k20.asm
                 RCONbits   0x000fd0       data     extern C:\MCC18\src\traditional\proc\p18f45k20.asm
                    RCREG   0x000fae       data     extern C:\MCC18\src\traditional\proc\p18f45k20.asm
                    RCSTA   0x000fab       data     extern C:\MCC18\src\traditional\proc\p18f45k20.asm
                RCSTAbits   0x000fab       data     extern C:\MCC18\src\traditional\proc\p18f45k20.asm
                     SIGN   0x000000       data     extern C:\MCC18\SRC\TRADIT~1\MATH\cmath18.asm
                   SLRCON   0x000f78       data     extern C:\MCC18\src\traditional\proc\p18f45k20.asm
               SLRCONbits   0x000f78       data     extern C:\MCC18\src\traditional\proc\p18f45k20.asm
                    SPBRG   0x000faf       data     extern C:\MCC18\src\traditional\proc\p18f45k20.asm
                   SPBRGH   0x000fb0       data     extern C:\MCC18\src\traditional\proc\p18f45k20.asm
                   SSPADD   0x000fc8       data     extern C:\MCC18\src\traditional\proc\p18f45k20.asm
                   SSPBUF   0x000fc9       data     extern C:\MCC18\src\traditional\proc\p18f45k20.asm
                  SSPCON1   0x000fc6       data     extern C:\MCC18\src\traditional\proc\p18f45k20.asm
              SSPCON1bits   0x000fc6       data     extern C:\MCC18\src\traditional\proc\p18f45k20.asm
                  SSPCON2   0x000fc5       data     extern C:\MCC18\src\traditional\proc\p18f45k20.asm
              SSPCON2bits   0x000fc5       data     extern C:\MCC18\src\traditional\proc\p18f45k20.asm
                   SSPMSK   0x000f77       data     extern C:\MCC18\src\traditional\proc\p18f45k20.asm
               SSPMSKbits   0x000f77       data     extern C:\MCC18\src\traditional\proc\p18f45k20.asm
                  SSPSTAT   0x000fc7       data     extern C:\MCC18\src\traditional\proc\p18f45k20.asm
              SSPSTATbits   0x000fc7       data     extern C:\MCC18\src\traditional\proc\p18f45k20.asm
                   STATUS   0x000fd8       data     extern C:\MCC18\src\traditional\proc\p18f45k20.asm
               STATUSbits   0x000fd8       data     extern C:\MCC18\src\traditional\proc\p18f45k20.asm
                   STKPTR   0x000ffc       data     extern C:\MCC18\src\traditional\proc\p18f45k20.asm
               STKPTRbits   0x000ffc       data     extern C:\MCC18\src\traditional\proc\p18f45k20.asm
                        T   0x0002ec       data     extern E:\pic18maplab\4\main.c  
                    T0CON   0x000fd5       data     extern C:\MCC18\src\traditional\proc\p18f45k20.asm
                T0CONbits   0x000fd5       data     extern C:\MCC18\src\traditional\proc\p18f45k20.asm
                    T1CON   0x000fcd       data     extern C:\MCC18\src\traditional\proc\p18f45k20.asm
                T1CONbits   0x000fcd       data     extern C:\MCC18\src\traditional\proc\p18f45k20.asm
                    T2CON   0x000fca       data     extern C:\MCC18\src\traditional\proc\p18f45k20.asm
                T2CONbits   0x000fca       data     extern C:\MCC18\src\traditional\proc\p18f45k20.asm
                    T3CON   0x000fb1       data     extern C:\MCC18\src\traditional\proc\p18f45k20.asm
                T3CONbits   0x000fb1       data     extern C:\MCC18\src\traditional\proc\p18f45k20.asm
                   TABLAT   0x000ff5       data     extern C:\MCC18\src\traditional\proc\p18f45k20.asm
                   TBLPTR   0x000ff6       data     extern C:\MCC18\src\traditional\proc\p18f45k20.asm
                  TBLPTRH   0x000ff7       data     extern C:\MCC18\src\traditional\proc\p18f45k20.asm
                  TBLPTRL   0x000ff6       data     extern C:\MCC18\src\traditional\proc\p18f45k20.asm
                  TBLPTRU   0x000ff8       data     extern C:\MCC18\src\traditional\proc\p18f45k20.asm
                    TMR0H   0x000fd7       data     extern C:\MCC18\src\traditional\proc\p18f45k20.asm
                    TMR0L   0x000fd6       data     extern C:\MCC18\src\traditional\proc\p18f45k20.asm
                    TMR1H   0x000fcf       data     extern C:\MCC18\src\traditional\proc\p18f45k20.asm
                    TMR1L   0x000fce       data     extern C:\MCC18\src\traditional\proc\p18f45k20.asm
                     TMR2   0x000fcc       data     extern C:\MCC18\src\traditional\proc\p18f45k20.asm
                    TMR3H   0x000fb3       data     extern C:\MCC18\src\traditional\proc\p18f45k20.asm
                    TMR3L   0x000fb2       data     extern C:\MCC18\src\traditional\proc\p18f45k20.asm
                      TOS   0x000ffd       data     extern C:\MCC18\src\traditional\proc\p18f45k20.asm
                     TOSH   0x000ffe       data     extern C:\MCC18\src\traditional\proc\p18f45k20.asm
                     TOSL   0x000ffd       data     extern C:\MCC18\src\traditional\proc\p18f45k20.asm
                     TOSU   0x000fff       data     extern C:\MCC18\src\traditional\proc\p18f45k20.asm
                    TRISA   0x000f92       data     extern C:\MCC18\src\traditional\proc\p18f45k20.asm
                TRISAbits   0x000f92       data     extern C:\MCC18\src\traditional\proc\p18f45k20.asm
                    TRISB   0x000f93       data     extern C:\MCC18\src\traditional\proc\p18f45k20.asm
                TRISBbits   0x000f93       data     extern C:\MCC18\src\traditional\proc\p18f45k20.asm
                    TRISC   0x000f94       data     extern C:\MCC18\src\traditional\proc\p18f45k20.asm
                TRISCbits   0x000f94       data     extern C:\MCC18\src\traditional\proc\p18f45k20.asm
                    TRISD   0x000f95       data     extern C:\MCC18\src\traditional\proc\p18f45k20.asm
                TRISDbits   0x000f95       data     extern C:\MCC18\src\traditional\proc\p18f45k20.asm
                    TRISE   0x000f96       data     extern C:\MCC18\src\traditional\proc\p18f45k20.asm
                TRISEbits   0x000f96       data     extern C:\MCC18\src\traditional\proc\p18f45k20.asm
                    TXREG   0x000fad       data     extern C:\MCC18\src\traditional\proc\p18f45k20.asm
                    TXSTA   0x000fac       data     extern C:\MCC18\src\traditional\proc\p18f45k20.asm
                TXSTAbits   0x000fac       data     extern C:\MCC18\src\traditional\proc\p18f45k20.asm
                        W   0x000fe8       data     extern C:\MCC18\src\traditional\proc\p18f45k20.asm
                   WDTCON   0x000fd1       data     extern C:\MCC18\src\traditional\proc\p18f45k20.asm
               WDTCONbits   0x000fd1       data     extern C:\MCC18\src\traditional\proc\p18f45k20.asm
                     WPUB   0x000f7c       data     extern C:\MCC18\src\traditional\proc\p18f45k20.asm
                 WPUBbits   0x000f7c       data     extern C:\MCC18\src\traditional\proc\p18f45k20.asm
                     WREG   0x000fe8       data     extern C:\MCC18\src\traditional\proc\p18f45k20.asm
                 __AARGB0   0x000009       data     extern C:\MCC18\SRC\TRADIT~1\MATH\aarg.asm
                 __AARGB1   0x000008       data     extern C:\MCC18\SRC\TRADIT~1\MATH\aarg.asm
                 __AARGB2   0x000007       data     extern C:\MCC18\SRC\TRADIT~1\MATH\aarg.asm
                 __AARGB3   0x000006       data     extern C:\MCC18\SRC\TRADIT~1\MATH\aarg.asm
                 __AARGB4   0x000005       data     extern C:\MCC18\SRC\TRADIT~1\MATH\aarg.asm
                 __AARGB5   0x000004       data     extern C:\MCC18\SRC\TRADIT~1\MATH\aarg.asm
                 __AARGB6   0x000003       data     extern C:\MCC18\SRC\TRADIT~1\MATH\aarg.asm
                 __AARGB7   0x000002       data     extern C:\MCC18\SRC\TRADIT~1\MATH\aarg.asm
                   __AEXP   0x00000a       data     extern C:\MCC18\SRC\TRADIT~1\MATH\aarg.asm
                 __BARGB0   0x00000e       data     extern C:\MCC18\SRC\TRADIT~1\MATH\barg.asm
                 __BARGB1   0x00000d       data     extern C:\MCC18\SRC\TRADIT~1\MATH\barg.asm
                 __BARGB2   0x00000c       data     extern C:\MCC18\SRC\TRADIT~1\MATH\barg.asm
                 __BARGB3   0x00000b       data     extern C:\MCC18\SRC\TRADIT~1\MATH\barg.asm
                   __BEXP   0x00000f       data     extern C:\MCC18\SRC\TRADIT~1\MATH\barg.asm
                __FPFLAGS   0x000001       data     extern C:\MCC18\SRC\TRADIT~1\MATH\cmath18.asm
            __FPFLAGSbits   0x000001       data     extern C:\MCC18\SRC\TRADIT~1\MATH\cmath18.asm
                  __REMB0   0x000005       data     extern C:\MCC18\SRC\TRADIT~1\MATH\aarg.asm
                  __REMB1   0x000004       data     extern C:\MCC18\SRC\TRADIT~1\MATH\aarg.asm
                  __REMB2   0x000003       data     extern C:\MCC18\SRC\TRADIT~1\MATH\aarg.asm
                  __REMB3   0x000002       data     extern C:\MCC18\SRC\TRADIT~1\MATH\aarg.asm
                   __TEMP   0x000013       data     extern C:\MCC18\SRC\TRADIT~1\MATH\temparg.asm
                 __TEMPB0   0x000013       data     extern C:\MCC18\SRC\TRADIT~1\MATH\temparg.asm
                 __TEMPB1   0x000012       data     extern C:\MCC18\SRC\TRADIT~1\MATH\temparg.asm
                 __TEMPB2   0x000011       data     extern C:\MCC18\SRC\TRADIT~1\MATH\temparg.asm
                 __TEMPB3   0x000010       data     extern C:\MCC18\SRC\TRADIT~1\MATH\temparg.asm
                  __tmp_0   0x000020       data     static E:\pic18maplab\4\5110.c  
                  __tmp_0   0x000020       data     static E:\pic18maplab\4\main.c  
                  __tmp_1   0x000014       data     static E:\pic18maplab\4\adc.c   
                curr_byte   0x0002e5       data     static C:\MCC18\src\traditional\startup\c018i.c
               curr_entry   0x0002e7       data     static C:\MCC18\src\traditional\startup\c018i.c
                      dat   0x000292       data     extern E:\pic18maplab\4\main.c  
                 data_ptr   0x0002e9       data     static C:\MCC18\src\traditional\startup\c018i.c
                  font6x8   0x000068       data     extern E:\pic18maplab\4\english_6x8_pixel.h
                      num   0x000060       data     extern E:\pic18maplab\4\num.h   
                     prom   0x0002e2       data     static C:\MCC18\src\traditional\startup\c018i.c
                        s   0x0002f2       data     extern E:\pic18maplab\4\main.c  
                      sum   0x000290       data     extern E:\pic18maplab\4\main.c  
                        x   0x0002f0       data     extern E:\pic18maplab\4\main.c  
                        y   0x0002ee       data     extern E:\pic18maplab\4\main.c  



                              Symbols - Sorted by Address
                     Name    Address   Location    Storage File                     
                ---------  ---------  ---------  --------- ---------                
                   _entry   0x000000    program     extern C:\MCC18\src\traditional\startup\c018i.c
       ___return_lbl00000   0x000004    program     static                          
       InterruptVectorLow   0x000018    program     extern E:\pic18maplab\4\adc.c   
       ___return_lbl00003   0x00001c    program     static                          
                delay_1us   0x000044    program     extern E:\pic18maplab\4\5110.c  
                delay_1ms   0x000084    program     extern E:\pic18maplab\4\5110.c  
                delay_nms   0x0000c4    program     extern E:\pic18maplab\4\5110.c  
                 LCD_init   0x000116    program     extern E:\pic18maplab\4\5110.c  
                LCD_clear   0x000172    program     extern E:\pic18maplab\4\5110.c  
               LCD_set_XY   0x0001d6    program     extern E:\pic18maplab\4\5110.c  
           LCD_write_char   0x000206    program     extern E:\pic18maplab\4\5110.c  
 LCD_write_english_string   0x00026c    program     extern E:\pic18maplab\4\5110.c  
 LCD_write_chinese_string   0x0002be    program     extern E:\pic18maplab\4\5110.c  
       LCD_draw_bmp_pixel   0x0003d4    program     extern E:\pic18maplab\4\5110.c  
           LCD_write_byte   0x0004ea    program     extern E:\pic18maplab\4\5110.c  
                     show   0x000534    program     extern E:\pic18maplab\4\5110.c  
                 show_dat   0x00061e    program     extern E:\pic18maplab\4\5110.c  
                 show_num   0x000838    program     extern E:\pic18maplab\4\5110.c  
                     move   0x0008f4    program     extern E:\pic18maplab\4\5110.c  
                  display   0x000972    program     extern E:\pic18maplab\4\5110.c  
                 FLO1632U   0x000aa0    program     extern C:\MCC18\SRC\TRADIT~1\MATH\cast16FP.asm
                 FLO1632S   0x000aa4    program     extern C:\MCC18\SRC\TRADIT~1\MATH\cast16FP.asm
                jI2F16Beg   0x000ab4    program     static C:\MCC18\SRC\TRADIT~1\MATH\cast16FP.asm
                    FPD32   0x000aca    program     extern C:\MCC18\SRC\TRADIT~1\MATH\divFP.asm
                 jANotInf   0x000ae8    program     static C:\MCC18\SRC\TRADIT~1\MATH\divFP.asm
              jSignedZero   0x000af2    program     static C:\MCC18\SRC\TRADIT~1\MATH\divFP.asm
                jANotZero   0x000afc    program     static C:\MCC18\SRC\TRADIT~1\MATH\divFP.asm
                    jLoop   0x000b24    program     static C:\MCC18\SRC\TRADIT~1\MATH\divFP.asm
                jNoAdjust   0x000b48    program     static C:\MCC18\SRC\TRADIT~1\MATH\divFP.asm
                    jNext   0x000b4a    program     static C:\MCC18\SRC\TRADIT~1\MATH\divFP.asm
                    FPM32   0x000b70    program     extern C:\MCC18\SRC\TRADIT~1\MATH\mulFP.asm
                 jANotInf   0x000b8e    program     static C:\MCC18\SRC\TRADIT~1\MATH\mulFP.asm
              jBothFinite   0x000b9c    program     static C:\MCC18\SRC\TRADIT~1\MATH\mulFP.asm
                jHaveZero   0x000ba4    program     static C:\MCC18\SRC\TRADIT~1\MATH\mulFP.asm
             jBothNotZero   0x000ba8    program     static C:\MCC18\SRC\TRADIT~1\MATH\mulFP.asm
                 FXD1616S   0x000c4a    program     extern C:\MCC18\SRC\TRADIT~1\MATH\fxd1616s.asm
                  DA1616S   0x000c5c    program     static C:\MCC18\SRC\TRADIT~1\MATH\fxd1616s.asm
                   D1616S   0x000c6c    program     static C:\MCC18\SRC\TRADIT~1\MATH\fxd1616s.asm
                 D1616SOK   0x000c76    program     static C:\MCC18\SRC\TRADIT~1\MATH\fxd1616s.asm
                D1616SNEG   0x000c7a    program     static C:\MCC18\SRC\TRADIT~1\MATH\fxd1616s.asm
                  D1616SX   0x000c8c    program     static C:\MCC18\SRC\TRADIT~1\MATH\fxd1616s.asm
                 FXM1616U   0x000c96    program     extern C:\MCC18\SRC\TRADIT~1\MATH\fxm1616u.asm
                  INT3216   0x000cd2    program     extern C:\MCC18\SRC\TRADIT~1\MATH\castFP16.asm
                     jMax   0x000ce2    program     static C:\MCC18\SRC\TRADIT~1\MATH\castFP16.asm
                  jMaxPos   0x000ce6    program     static C:\MCC18\SRC\TRADIT~1\MATH\castFP16.asm
                  jMaxNeg   0x000cf0    program     static C:\MCC18\SRC\TRADIT~1\MATH\castFP16.asm
                    jZero   0x000cf8    program     static C:\MCC18\SRC\TRADIT~1\MATH\castFP16.asm
                  jNotInf   0x000cfe    program     static C:\MCC18\SRC\TRADIT~1\MATH\castFP16.asm
                    jLoop   0x000d0e    program     static C:\MCC18\SRC\TRADIT~1\MATH\castFP16.asm
                jLoopExit   0x000d1e    program     static C:\MCC18\SRC\TRADIT~1\MATH\castFP16.asm
                    jExit   0x000d2e    program     static C:\MCC18\SRC\TRADIT~1\MATH\castFP16.asm
            __FpReturnNaN   0x000d30    program     extern C:\MCC18\SRC\TRADIT~1\MATH\packFP.asm
                 __FpExit   0x000d3c    program     extern C:\MCC18\SRC\TRADIT~1\MATH\packFP.asm
        __FpReturnSignInf   0x000d3e    program     extern C:\MCC18\SRC\TRADIT~1\MATH\packFP.asm
         __FpReturnNegInf   0x000d42    program     extern C:\MCC18\SRC\TRADIT~1\MATH\packFP.asm
         __FpReturnPosInf   0x000d48    program     extern C:\MCC18\SRC\TRADIT~1\MATH\packFP.asm
           jReturnPosInf0   0x000d4c    program     static C:\MCC18\SRC\TRADIT~1\MATH\packFP.asm
               jZero1and2   0x000d50    program     static C:\MCC18\SRC\TRADIT~1\MATH\packFP.asm
       __FpReturnSignZero   0x000d56    program     extern C:\MCC18\SRC\TRADIT~1\MATH\packFP.asm
        __FpReturnNegZero   0x000d5a    program     extern C:\MCC18\SRC\TRADIT~1\MATH\packFP.asm
        __FpReturnPosZero   0x000d62    program     extern C:\MCC18\SRC\TRADIT~1\MATH\packFP.asm
                 __FpPack   0x000d68    program     extern C:\MCC18\SRC\TRADIT~1\MATH\packFP.asm
                  jPkLoop   0x000d76    program     static C:\MCC18\SRC\TRADIT~1\MATH\packFP.asm
             jPkShiftDone   0x000d92    program     static C:\MCC18\SRC\TRADIT~1\MATH\packFP.asm
               jPkRoundIt   0x000da8    program     static C:\MCC18\SRC\TRADIT~1\MATH\packFP.asm
              __FpReturnW   0x000dc0    program     extern C:\MCC18\SRC\TRADIT~1\MATH\packFP.asm
             jPkRoundDone   0x000dc0    program     static C:\MCC18\SRC\TRADIT~1\MATH\packFP.asm
              __FpUnPackA   0x000de0    program     extern C:\MCC18\SRC\TRADIT~1\MATH\UnpackFP.asm
                  jUnpkA1   0x000dea    program     static C:\MCC18\SRC\TRADIT~1\MATH\UnpackFP.asm
                 jUnpkANZ   0x000df8    program     static C:\MCC18\SRC\TRADIT~1\MATH\UnpackFP.asm
                  jUnpkA2   0x000e02    program     static C:\MCC18\SRC\TRADIT~1\MATH\UnpackFP.asm
                 jUnpkNaN   0x000e0c    program     static C:\MCC18\SRC\TRADIT~1\MATH\UnpackFP.asm
              __FpUnPackB   0x000e10    program     extern C:\MCC18\SRC\TRADIT~1\MATH\UnpackFP.asm
                  jUnpkB1   0x000e1a    program     static C:\MCC18\SRC\TRADIT~1\MATH\UnpackFP.asm
                 jUnpkBNZ   0x000e28    program     static C:\MCC18\SRC\TRADIT~1\MATH\UnpackFP.asm
                  jUnpkB2   0x000e32    program     static C:\MCC18\SRC\TRADIT~1\MATH\UnpackFP.asm
                 adc_init   0x000e3c    program     extern E:\pic18maplab\4\adc.c   
                pic18_int   0x000e64    program     extern E:\pic18maplab\4\adc.c   
                    delay   0x00102a    program     extern E:\pic18maplab\4\main.c  
                     main   0x001096    program     extern E:\pic18maplab\4\main.c  
                _do_cinit   0x0010f0    program     extern C:\MCC18\src\traditional\startup\c018i.c
                     test   0x00110a    program     static                          
                copy_loop   0x001162    program     static                          
            copy_one_byte   0x001168    program     static                          
             done_copying   0x001176    program     static                          
                     done   0x00118c    program     static                          
       ___return_lbl00002   0x00118c    program     static                          
                 FXD1616U   0x00118e    program     extern C:\MCC18\src\TRADIT~1\math\fxd1616u.c
                     loop   0x001198    program     static                          
                  endloop   0x0011b4    program     static                          
       ___return_lbl00000   0x0011b8    program     static                          
                 _startup   0x0011ba    program     extern C:\MCC18\src\traditional\startup\c018i.c
                     loop   0x0011ca    program     static                          
       ___return_lbl00001   0x0011d4    program     static                          
                   __init   0x0011d6    program     extern C:\MCC18\src\TRADIT~1\stdclib\__init.c
                     SIGN   0x000000       data     extern C:\MCC18\SRC\TRADIT~1\MATH\cmath18.asm
            __FPFLAGSbits   0x000001       data     extern C:\MCC18\SRC\TRADIT~1\MATH\cmath18.asm
                __FPFLAGS   0x000001       data     extern C:\MCC18\SRC\TRADIT~1\MATH\cmath18.asm
                  __REMB3   0x000002       data     extern C:\MCC18\SRC\TRADIT~1\MATH\aarg.asm
                 __AARGB7   0x000002       data     extern C:\MCC18\SRC\TRADIT~1\MATH\aarg.asm
                  __REMB2   0x000003       data     extern C:\MCC18\SRC\TRADIT~1\MATH\aarg.asm
                 __AARGB6   0x000003       data     extern C:\MCC18\SRC\TRADIT~1\MATH\aarg.asm
                  __REMB1   0x000004       data     extern C:\MCC18\SRC\TRADIT~1\MATH\aarg.asm
                 __AARGB5   0x000004       data     extern C:\MCC18\SRC\TRADIT~1\MATH\aarg.asm
                 __AARGB4   0x000005       data     extern C:\MCC18\SRC\TRADIT~1\MATH\aarg.asm
                  __REMB0   0x000005       data     extern C:\MCC18\SRC\TRADIT~1\MATH\aarg.asm
                 __AARGB3   0x000006       data     extern C:\MCC18\SRC\TRADIT~1\MATH\aarg.asm
                 __AARGB2   0x000007       data     extern C:\MCC18\SRC\TRADIT~1\MATH\aarg.asm
                 __AARGB1   0x000008       data     extern C:\MCC18\SRC\TRADIT~1\MATH\aarg.asm
                 __AARGB0   0x000009       data     extern C:\MCC18\SRC\TRADIT~1\MATH\aarg.asm
                   __AEXP   0x00000a       data     extern C:\MCC18\SRC\TRADIT~1\MATH\aarg.asm
                 __BARGB3   0x00000b       data     extern C:\MCC18\SRC\TRADIT~1\MATH\barg.asm
                 __BARGB2   0x00000c       data     extern C:\MCC18\SRC\TRADIT~1\MATH\barg.asm
                 __BARGB1   0x00000d       data     extern C:\MCC18\SRC\TRADIT~1\MATH\barg.asm
                 __BARGB0   0x00000e       data     extern C:\MCC18\SRC\TRADIT~1\MATH\barg.asm
                   __BEXP   0x00000f       data     extern C:\MCC18\SRC\TRADIT~1\MATH\barg.asm
                 __TEMPB3   0x000010       data     extern C:\MCC18\SRC\TRADIT~1\MATH\temparg.asm
                 __TEMPB2   0x000011       data     extern C:\MCC18\SRC\TRADIT~1\MATH\temparg.asm
                 __TEMPB1   0x000012       data     extern C:\MCC18\SRC\TRADIT~1\MATH\temparg.asm
                   __TEMP   0x000013       data     extern C:\MCC18\SRC\TRADIT~1\MATH\temparg.asm
                 __TEMPB0   0x000013       data     extern C:\MCC18\SRC\TRADIT~1\MATH\temparg.asm
                  __tmp_1   0x000014       data     static E:\pic18maplab\4\adc.c   
                  __tmp_0   0x000020       data     static E:\pic18maplab\4\5110.c  
                  __tmp_0   0x000020       data     static E:\pic18maplab\4\main.c  
                      num   0x000060       data     extern E:\pic18maplab\4\num.h   
                  font6x8   0x000068       data     extern E:\pic18maplab\4\english_6x8_pixel.h
                      sum   0x000290       data     extern E:\pic18maplab\4\main.c  
                      dat   0x000292       data     extern E:\pic18maplab\4\main.c  
                     prom   0x0002e2       data     static C:\MCC18\src\traditional\startup\c018i.c
                curr_byte   0x0002e5       data     static C:\MCC18\src\traditional\startup\c018i.c
               curr_entry   0x0002e7       data     static C:\MCC18\src\traditional\startup\c018i.c
                 data_ptr   0x0002e9       data     static C:\MCC18\src\traditional\startup\c018i.c
                        T   0x0002ec       data     extern E:\pic18maplab\4\main.c  
                        y   0x0002ee       data     extern E:\pic18maplab\4\main.c  
                        x   0x0002f0       data     extern E:\pic18maplab\4\main.c  
                        s   0x0002f2       data     extern E:\pic18maplab\4\main.c  
               SSPMSKbits   0x000f77       data     extern C:\MCC18\src\traditional\proc\p18f45k20.asm
                   SSPMSK   0x000f77       data     extern C:\MCC18\src\traditional\proc\p18f45k20.asm
               SLRCONbits   0x000f78       data     extern C:\MCC18\src\traditional\proc\p18f45k20.asm
                   SLRCON   0x000f78       data     extern C:\MCC18\src\traditional\proc\p18f45k20.asm
              CM2CON1bits   0x000f79       data     extern C:\MCC18\src\traditional\proc\p18f45k20.asm
                  CM2CON1   0x000f79       data     extern C:\MCC18\src\traditional\proc\p18f45k20.asm
                  CM2CON0   0x000f7a       data     extern C:\MCC18\src\traditional\proc\p18f45k20.asm
              CM2CON0bits   0x000f7a       data     extern C:\MCC18\src\traditional\proc\p18f45k20.asm
                  CM1CON0   0x000f7b       data     extern C:\MCC18\src\traditional\proc\p18f45k20.asm
              CM1CON0bits   0x000f7b       data     extern C:\MCC18\src\traditional\proc\p18f45k20.asm
                 WPUBbits   0x000f7c       data     extern C:\MCC18\src\traditional\proc\p18f45k20.asm
                     WPUB   0x000f7c       data     extern C:\MCC18\src\traditional\proc\p18f45k20.asm
                 IOCBbits   0x000f7d       data     extern C:\MCC18\src\traditional\proc\p18f45k20.asm
                     IOCB   0x000f7d       data     extern C:\MCC18\src\traditional\proc\p18f45k20.asm
                    ANSEL   0x000f7e       data     extern C:\MCC18\src\traditional\proc\p18f45k20.asm
                ANSELbits   0x000f7e       data     extern C:\MCC18\src\traditional\proc\p18f45k20.asm
                   ANSELH   0x000f7f       data     extern C:\MCC18\src\traditional\proc\p18f45k20.asm
               ANSELHbits   0x000f7f       data     extern C:\MCC18\src\traditional\proc\p18f45k20.asm
                    PORTA   0x000f80       data     extern C:\MCC18\src\traditional\proc\p18f45k20.asm
                PORTAbits   0x000f80       data     extern C:\MCC18\src\traditional\proc\p18f45k20.asm
                    PORTB   0x000f81       data     extern C:\MCC18\src\traditional\proc\p18f45k20.asm
                PORTBbits   0x000f81       data     extern C:\MCC18\src\traditional\proc\p18f45k20.asm
                    PORTC   0x000f82       data     extern C:\MCC18\src\traditional\proc\p18f45k20.asm
                PORTCbits   0x000f82       data     extern C:\MCC18\src\traditional\proc\p18f45k20.asm
                    PORTD   0x000f83       data     extern C:\MCC18\src\traditional\proc\p18f45k20.asm
                PORTDbits   0x000f83       data     extern C:\MCC18\src\traditional\proc\p18f45k20.asm
                PORTEbits   0x000f84       data     extern C:\MCC18\src\traditional\proc\p18f45k20.asm
                    PORTE   0x000f84       data     extern C:\MCC18\src\traditional\proc\p18f45k20.asm
                 LATAbits   0x000f89       data     extern C:\MCC18\src\traditional\proc\p18f45k20.asm
                     LATA   0x000f89       data     extern C:\MCC18\src\traditional\proc\p18f45k20.asm
                 LATBbits   0x000f8a       data     extern C:\MCC18\src\traditional\proc\p18f45k20.asm
                     LATB   0x000f8a       data     extern C:\MCC18\src\traditional\proc\p18f45k20.asm
                 LATCbits   0x000f8b       data     extern C:\MCC18\src\traditional\proc\p18f45k20.asm
                     LATC   0x000f8b       data     extern C:\MCC18\src\traditional\proc\p18f45k20.asm
                 LATDbits   0x000f8c       data     extern C:\MCC18\src\traditional\proc\p18f45k20.asm
                     LATD   0x000f8c       data     extern C:\MCC18\src\traditional\proc\p18f45k20.asm
                     LATE   0x000f8d       data     extern C:\MCC18\src\traditional\proc\p18f45k20.asm
                 LATEbits   0x000f8d       data     extern C:\MCC18\src\traditional\proc\p18f45k20.asm
                    TRISA   0x000f92       data     extern C:\MCC18\src\traditional\proc\p18f45k20.asm
                     DDRA   0x000f92       data     extern C:\MCC18\src\traditional\proc\p18f45k20.asm
                TRISAbits   0x000f92       data     extern C:\MCC18\src\traditional\proc\p18f45k20.asm
                 DDRAbits   0x000f92       data     extern C:\MCC18\src\traditional\proc\p18f45k20.asm
                     DDRB   0x000f93       data     extern C:\MCC18\src\traditional\proc\p18f45k20.asm
                 DDRBbits   0x000f93       data     extern C:\MCC18\src\traditional\proc\p18f45k20.asm
                    TRISB   0x000f93       data     extern C:\MCC18\src\traditional\proc\p18f45k20.asm
                TRISBbits   0x000f93       data     extern C:\MCC18\src\traditional\proc\p18f45k20.asm
                     DDRC   0x000f94       data     extern C:\MCC18\src\traditional\proc\p18f45k20.asm
                 DDRCbits   0x000f94       data     extern C:\MCC18\src\traditional\proc\p18f45k20.asm
                    TRISC   0x000f94       data     extern C:\MCC18\src\traditional\proc\p18f45k20.asm
                TRISCbits   0x000f94       data     extern C:\MCC18\src\traditional\proc\p18f45k20.asm
                    TRISD   0x000f95       data     extern C:\MCC18\src\traditional\proc\p18f45k20.asm
                TRISDbits   0x000f95       data     extern C:\MCC18\src\traditional\proc\p18f45k20.asm
                     DDRD   0x000f95       data     extern C:\MCC18\src\traditional\proc\p18f45k20.asm
                 DDRDbits   0x000f95       data     extern C:\MCC18\src\traditional\proc\p18f45k20.asm
                 DDREbits   0x000f96       data     extern C:\MCC18\src\traditional\proc\p18f45k20.asm
                     DDRE   0x000f96       data     extern C:\MCC18\src\traditional\proc\p18f45k20.asm
                    TRISE   0x000f96       data     extern C:\MCC18\src\traditional\proc\p18f45k20.asm
                TRISEbits   0x000f96       data     extern C:\MCC18\src\traditional\proc\p18f45k20.asm
              OSCTUNEbits   0x000f9b       data     extern C:\MCC18\src\traditional\proc\p18f45k20.asm
                  OSCTUNE   0x000f9b       data     extern C:\MCC18\src\traditional\proc\p18f45k20.asm
                     PIE1   0x000f9d       data     extern C:\MCC18\src\traditional\proc\p18f45k20.asm
                 PIE1bits   0x000f9d       data     extern C:\MCC18\src\traditional\proc\p18f45k20.asm
                     PIR1   0x000f9e       data     extern C:\MCC18\src\traditional\proc\p18f45k20.asm
                 PIR1bits   0x000f9e       data     extern C:\MCC18\src\traditional\proc\p18f45k20.asm
                     IPR1   0x000f9f       data     extern C:\MCC18\src\traditional\proc\p18f45k20.asm
                 IPR1bits   0x000f9f       data     extern C:\MCC18\src\traditional\proc\p18f45k20.asm
                     PIE2   0x000fa0       data     extern C:\MCC18\src\traditional\proc\p18f45k20.asm
                 PIE2bits   0x000fa0       data     extern C:\MCC18\src\traditional\proc\p18f45k20.asm
                 PIR2bits   0x000fa1       data     extern C:\MCC18\src\traditional\proc\p18f45k20.asm
                     PIR2   0x000fa1       data     extern C:\MCC18\src\traditional\proc\p18f45k20.asm
                     IPR2   0x000fa2       data     extern C:\MCC18\src\traditional\proc\p18f45k20.asm
                 IPR2bits   0x000fa2       data     extern C:\MCC18\src\traditional\proc\p18f45k20.asm
               EECON1bits   0x000fa6       data     extern C:\MCC18\src\traditional\proc\p18f45k20.asm
                   EECON1   0x000fa6       data     extern C:\MCC18\src\traditional\proc\p18f45k20.asm
                   EECON2   0x000fa7       data     extern C:\MCC18\src\traditional\proc\p18f45k20.asm
                   EEDATA   0x000fa8       data     extern C:\MCC18\src\traditional\proc\p18f45k20.asm
                    EEADR   0x000fa9       data     extern C:\MCC18\src\traditional\proc\p18f45k20.asm
                    RCSTA   0x000fab       data     extern C:\MCC18\src\traditional\proc\p18f45k20.asm
                RCSTAbits   0x000fab       data     extern C:\MCC18\src\traditional\proc\p18f45k20.asm
                    TXSTA   0x000fac       data     extern C:\MCC18\src\traditional\proc\p18f45k20.asm
                TXSTAbits   0x000fac       data     extern C:\MCC18\src\traditional\proc\p18f45k20.asm
                    TXREG   0x000fad       data     extern C:\MCC18\src\traditional\proc\p18f45k20.asm
                    RCREG   0x000fae       data     extern C:\MCC18\src\traditional\proc\p18f45k20.asm
                    SPBRG   0x000faf       data     extern C:\MCC18\src\traditional\proc\p18f45k20.asm
                   SPBRGH   0x000fb0       data     extern C:\MCC18\src\traditional\proc\p18f45k20.asm
                T3CONbits   0x000fb1       data     extern C:\MCC18\src\traditional\proc\p18f45k20.asm
                    T3CON   0x000fb1       data     extern C:\MCC18\src\traditional\proc\p18f45k20.asm
                    TMR3L   0x000fb2       data     extern C:\MCC18\src\traditional\proc\p18f45k20.asm
                    TMR3H   0x000fb3       data     extern C:\MCC18\src\traditional\proc\p18f45k20.asm
                  CVRCON2   0x000fb4       data     extern C:\MCC18\src\traditional\proc\p18f45k20.asm
              CVRCON2bits   0x000fb4       data     extern C:\MCC18\src\traditional\proc\p18f45k20.asm
                   CVRCON   0x000fb5       data     extern C:\MCC18\src\traditional\proc\p18f45k20.asm
               CVRCONbits   0x000fb5       data     extern C:\MCC18\src\traditional\proc\p18f45k20.asm
                  ECCP1AS   0x000fb6       data     extern C:\MCC18\src\traditional\proc\p18f45k20.asm
              ECCP1ASbits   0x000fb6       data     extern C:\MCC18\src\traditional\proc\p18f45k20.asm
                  PWM1CON   0x000fb7       data     extern C:\MCC18\src\traditional\proc\p18f45k20.asm
              PWM1CONbits   0x000fb7       data     extern C:\MCC18\src\traditional\proc\p18f45k20.asm
              BAUDCONbits   0x000fb8       data     extern C:\MCC18\src\traditional\proc\p18f45k20.asm
                  BAUDCTL   0x000fb8       data     extern C:\MCC18\src\traditional\proc\p18f45k20.asm
              BAUDCTLbits   0x000fb8       data     extern C:\MCC18\src\traditional\proc\p18f45k20.asm
                  BAUDCON   0x000fb8       data     extern C:\MCC18\src\traditional\proc\p18f45k20.asm
              PSTRCONbits   0x000fb9       data     extern C:\MCC18\src\traditional\proc\p18f45k20.asm
                  PSTRCON   0x000fb9       data     extern C:\MCC18\src\traditional\proc\p18f45k20.asm
              CCP2CONbits   0x000fba       data     extern C:\MCC18\src\traditional\proc\p18f45k20.asm
                  CCP2CON   0x000fba       data     extern C:\MCC18\src\traditional\proc\p18f45k20.asm
                   CCPR2L   0x000fbb       data     extern C:\MCC18\src\traditional\proc\p18f45k20.asm
                    CCPR2   0x000fbb       data     extern C:\MCC18\src\traditional\proc\p18f45k20.asm
                   CCPR2H   0x000fbc       data     extern C:\MCC18\src\traditional\proc\p18f45k20.asm
              CCP1CONbits   0x000fbd       data     extern C:\MCC18\src\traditional\proc\p18f45k20.asm
                  CCP1CON   0x000fbd       data     extern C:\MCC18\src\traditional\proc\p18f45k20.asm
                    CCPR1   0x000fbe       data     extern C:\MCC18\src\traditional\proc\p18f45k20.asm
                   CCPR1L   0x000fbe       data     extern C:\MCC18\src\traditional\proc\p18f45k20.asm
                   CCPR1H   0x000fbf       data     extern C:\MCC18\src\traditional\proc\p18f45k20.asm
                   ADCON2   0x000fc0       data     extern C:\MCC18\src\traditional\proc\p18f45k20.asm
               ADCON2bits   0x000fc0       data     extern C:\MCC18\src\traditional\proc\p18f45k20.asm
               ADCON1bits   0x000fc1       data     extern C:\MCC18\src\traditional\proc\p18f45k20.asm
                   ADCON1   0x000fc1       data     extern C:\MCC18\src\traditional\proc\p18f45k20.asm
                   ADCON0   0x000fc2       data     extern C:\MCC18\src\traditional\proc\p18f45k20.asm
               ADCON0bits   0x000fc2       data     extern C:\MCC18\src\traditional\proc\p18f45k20.asm
                    ADRES   0x000fc3       data     extern C:\MCC18\src\traditional\proc\p18f45k20.asm
                   ADRESL   0x000fc3       data     extern C:\MCC18\src\traditional\proc\p18f45k20.asm
                   ADRESH   0x000fc4       data     extern C:\MCC18\src\traditional\proc\p18f45k20.asm
                  SSPCON2   0x000fc5       data     extern C:\MCC18\src\traditional\proc\p18f45k20.asm
              SSPCON2bits   0x000fc5       data     extern C:\MCC18\src\traditional\proc\p18f45k20.asm
                  SSPCON1   0x000fc6       data     extern C:\MCC18\src\traditional\proc\p18f45k20.asm
              SSPCON1bits   0x000fc6       data     extern C:\MCC18\src\traditional\proc\p18f45k20.asm
              SSPSTATbits   0x000fc7       data     extern C:\MCC18\src\traditional\proc\p18f45k20.asm
                  SSPSTAT   0x000fc7       data     extern C:\MCC18\src\traditional\proc\p18f45k20.asm
                   SSPADD   0x000fc8       data     extern C:\MCC18\src\traditional\proc\p18f45k20.asm
                   SSPBUF   0x000fc9       data     extern C:\MCC18\src\traditional\proc\p18f45k20.asm
                    T2CON   0x000fca       data     extern C:\MCC18\src\traditional\proc\p18f45k20.asm
                T2CONbits   0x000fca       data     extern C:\MCC18\src\traditional\proc\p18f45k20.asm
                      PR2   0x000fcb       data     extern C:\MCC18\src\traditional\proc\p18f45k20.asm
                     TMR2   0x000fcc       data     extern C:\MCC18\src\traditional\proc\p18f45k20.asm
                T1CONbits   0x000fcd       data     extern C:\MCC18\src\traditional\proc\p18f45k20.asm
                    T1CON   0x000fcd       data     extern C:\MCC18\src\traditional\proc\p18f45k20.asm
                    TMR1L   0x000fce       data     extern C:\MCC18\src\traditional\proc\p18f45k20.asm
                    TMR1H   0x000fcf       data     extern C:\MCC18\src\traditional\proc\p18f45k20.asm
                     RCON   0x000fd0       data     extern C:\MCC18\src\traditional\proc\p18f45k20.asm
                 RCONbits   0x000fd0       data     extern C:\MCC18\src\traditional\proc\p18f45k20.asm
               WDTCONbits   0x000fd1       data     extern C:\MCC18\src\traditional\proc\p18f45k20.asm
                   WDTCON   0x000fd1       data     extern C:\MCC18\src\traditional\proc\p18f45k20.asm
               LVDCONbits   0x000fd2       data     extern C:\MCC18\src\traditional\proc\p18f45k20.asm
                   LVDCON   0x000fd2       data     extern C:\MCC18\src\traditional\proc\p18f45k20.asm
              HLVDCONbits   0x000fd2       data     extern C:\MCC18\src\traditional\proc\p18f45k20.asm
                  HLVDCON   0x000fd2       data     extern C:\MCC18\src\traditional\proc\p18f45k20.asm
               OSCCONbits   0x000fd3       data     extern C:\MCC18\src\traditional\proc\p18f45k20.asm
                   OSCCON   0x000fd3       data     extern C:\MCC18\src\traditional\proc\p18f45k20.asm
                    T0CON   0x000fd5       data     extern C:\MCC18\src\traditional\proc\p18f45k20.asm
                T0CONbits   0x000fd5       data     extern C:\MCC18\src\traditional\proc\p18f45k20.asm
                    TMR0L   0x000fd6       data     extern C:\MCC18\src\traditional\proc\p18f45k20.asm
                    TMR0H   0x000fd7       data     extern C:\MCC18\src\traditional\proc\p18f45k20.asm
                   STATUS   0x000fd8       data     extern C:\MCC18\src\traditional\proc\p18f45k20.asm
               STATUSbits   0x000fd8       data     extern C:\MCC18\src\traditional\proc\p18f45k20.asm
                    FSR2L   0x000fd9       data     extern C:\MCC18\src\traditional\proc\p18f45k20.asm
                     FSR2   0x000fd9       data     extern C:\MCC18\src\traditional\proc\p18f45k20.asm
                    FSR2H   0x000fda       data     extern C:\MCC18\src\traditional\proc\p18f45k20.asm
                   PLUSW2   0x000fdb       data     extern C:\MCC18\src\traditional\proc\p18f45k20.asm
                  PREINC2   0x000fdc       data     extern C:\MCC18\src\traditional\proc\p18f45k20.asm
                 POSTDEC2   0x000fdd       data     extern C:\MCC18\src\traditional\proc\p18f45k20.asm
                 POSTINC2   0x000fde       data     extern C:\MCC18\src\traditional\proc\p18f45k20.asm
                    INDF2   0x000fdf       data     extern C:\MCC18\src\traditional\proc\p18f45k20.asm
                      BSR   0x000fe0       data     extern C:\MCC18\src\traditional\proc\p18f45k20.asm
                    FSR1L   0x000fe1       data     extern C:\MCC18\src\traditional\proc\p18f45k20.asm
                     FSR1   0x000fe1       data     extern C:\MCC18\src\traditional\proc\p18f45k20.asm
                    FSR1H   0x000fe2       data     extern C:\MCC18\src\traditional\proc\p18f45k20.asm
                   PLUSW1   0x000fe3       data     extern C:\MCC18\src\traditional\proc\p18f45k20.asm
                  PREINC1   0x000fe4       data     extern C:\MCC18\src\traditional\proc\p18f45k20.asm
                 POSTDEC1   0x000fe5       data     extern C:\MCC18\src\traditional\proc\p18f45k20.asm
                 POSTINC1   0x000fe6       data     extern C:\MCC18\src\traditional\proc\p18f45k20.asm
                    INDF1   0x000fe7       data     extern C:\MCC18\src\traditional\proc\p18f45k20.asm
                     WREG   0x000fe8       data     extern C:\MCC18\src\traditional\proc\p18f45k20.asm
                        W   0x000fe8       data     extern C:\MCC18\src\traditional\proc\p18f45k20.asm
                     FSR0   0x000fe9       data     extern C:\MCC18\src\traditional\proc\p18f45k20.asm
                    FSR0L   0x000fe9       data     extern C:\MCC18\src\traditional\proc\p18f45k20.asm
                    FSR0H   0x000fea       data     extern C:\MCC18\src\traditional\proc\p18f45k20.asm
                   PLUSW0   0x000feb       data     extern C:\MCC18\src\traditional\proc\p18f45k20.asm
                  PREINC0   0x000fec       data     extern C:\MCC18\src\traditional\proc\p18f45k20.asm
                 POSTDEC0   0x000fed       data     extern C:\MCC18\src\traditional\proc\p18f45k20.asm
                 POSTINC0   0x000fee       data     extern C:\MCC18\src\traditional\proc\p18f45k20.asm
                    INDF0   0x000fef       data     extern C:\MCC18\src\traditional\proc\p18f45k20.asm
              INTCON3bits   0x000ff0       data     extern C:\MCC18\src\traditional\proc\p18f45k20.asm
                  INTCON3   0x000ff0       data     extern C:\MCC18\src\traditional\proc\p18f45k20.asm
              INTCON2bits   0x000ff1       data     extern C:\MCC18\src\traditional\proc\p18f45k20.asm
                  INTCON2   0x000ff1       data     extern C:\MCC18\src\traditional\proc\p18f45k20.asm
               INTCONbits   0x000ff2       data     extern C:\MCC18\src\traditional\proc\p18f45k20.asm
                   INTCON   0x000ff2       data     extern C:\MCC18\src\traditional\proc\p18f45k20.asm
                     PROD   0x000ff3       data     extern C:\MCC18\src\traditional\proc\p18f45k20.asm
                    PRODL   0x000ff3       data     extern C:\MCC18\src\traditional\proc\p18f45k20.asm
                    PRODH   0x000ff4       data     extern C:\MCC18\src\traditional\proc\p18f45k20.asm
                   TABLAT   0x000ff5       data     extern C:\MCC18\src\traditional\proc\p18f45k20.asm
                   TBLPTR   0x000ff6       data     extern C:\MCC18\src\traditional\proc\p18f45k20.asm
                  TBLPTRL   0x000ff6       data     extern C:\MCC18\src\traditional\proc\p18f45k20.asm
                  TBLPTRH   0x000ff7       data     extern C:\MCC18\src\traditional\proc\p18f45k20.asm
                  TBLPTRU   0x000ff8       data     extern C:\MCC18\src\traditional\proc\p18f45k20.asm
                      PCL   0x000ff9       data     extern C:\MCC18\src\traditional\proc\p18f45k20.asm
                       PC   0x000ff9       data     extern C:\MCC18\src\traditional\proc\p18f45k20.asm
                   PCLATH   0x000ffa       data     extern C:\MCC18\src\traditional\proc\p18f45k20.asm
                   PCLATU   0x000ffb       data     extern C:\MCC18\src\traditional\proc\p18f45k20.asm
               STKPTRbits   0x000ffc       data     extern C:\MCC18\src\traditional\proc\p18f45k20.asm
                   STKPTR   0x000ffc       data     extern C:\MCC18\src\traditional\proc\p18f45k20.asm
                     TOSL   0x000ffd       data     extern C:\MCC18\src\traditional\proc\p18f45k20.asm
                      TOS   0x000ffd       data     extern C:\MCC18\src\traditional\proc\p18f45k20.asm
                     TOSH   0x000ffe       data     extern C:\MCC18\src\traditional\proc\p18f45k20.asm
                     TOSU   0x000fff       data     extern C:\MCC18\src\traditional\proc\p18f45k20.asm


