MPLINK 4.35, Linker
Linker Map File - Created Sat Jun 25 15:47:15 2016

                                 Section Info
                  Section       Type    Address   Location Size(Bytes)
                ---------  ---------  ---------  ---------  ---------
               _entry_scn       code   0x000000    program   0x000006
           .code___init.o       code   0x000006    program   0x000002
         .idata_c018i.o_i    romdata   0x000008    program   0x000000
         .romdata_c018i.o    romdata   0x000008    program   0x000000
            .code_c018i.o       code   0x000008    program   0x000000
        .romdata___init.o    romdata   0x000008    program   0x000000
          .romdata_main.o    romdata   0x000008    program   0x000000
        .idata___init.o_i    romdata   0x000008    program   0x000000
       .idata_ds18b20.o_i    romdata   0x000008    program   0x000000
       .romdata_ds18b20.o    romdata   0x000008    program   0x000000
      .romdata_fxd1616u.o    romdata   0x000008    program   0x000000
      .idata_fxd1616u.o_i    romdata   0x000008    program   0x000000
          .romdata_beef.o    romdata   0x000008    program   0x000000
       InterruptVectorLow       code   0x000018    program   0x000006
                   .cinit    romdata   0x00001e    program   0x00001a
             .code_main.o       code   0x000038    program   0x000616
                     PROG       code   0x00064e    program   0x0003e8
          .code_ds18b20.o       code   0x000a36    program   0x0002f8
             .code_beef.o       code   0x000d2e    program   0x000172
               _cinit_scn       code   0x000ea0    program   0x00009e
         .code_fxd1616u.o       code   0x000f3e    program   0x00002c
              D1KTCYXCODE       code   0x000f6a    program   0x000020
                    .code       code   0x000f8a    program   0x000020
             _startup_scn       code   0x000faa    program   0x00001c
             D100TCYXCODE       code   0x000fc6    program   0x00001c
              D10TCYXCODE       code   0x000fe2    program   0x000016
          .idata_main.o_i    romdata   0x000ff8    program   0x000015
          .idata_beef.o_i    romdata   0x00100d    program   0x000083
                MATH_DATA      udata   0x000000       data   0x000014
                 .tmpdata      udata   0x000014       data   0x00000c
                DELAYDAT1      udata   0x000020       data   0x000001
            .idata_beef.o      idata   0x000060       data   0x000083
            .idata_main.o      idata   0x0000e3       data   0x000015
            .udata_beef.o      udata   0x0000f8       data   0x000003
         .udata_ds18b20.o      udata   0x0000fb       data   0x000000
         .idata_ds18b20.o      idata   0x0000fb       data   0x000000
            .udata_main.o      udata   0x0000fb       data   0x000000
           .idata_c018i.o      idata   0x0000fb       data   0x000000
        .udata_fxd1616u.o      udata   0x0000fb       data   0x000000
        .idata_fxd1616u.o      idata   0x0000fb       data   0x000000
          .udata___init.o      udata   0x0000fb       data   0x000000
          .idata___init.o      idata   0x0000fb       data   0x000000
           .udata_c018i.o      udata   0x000100       data   0x00000a
                   .stack      udata   0x000500       data   0x000100
            SFR_UNBANKED0      udata   0x000f77       data   0x000089



                              Program Memory Usage 
                               Start         End      
                           ---------   ---------      
                            0x000000    0x000007      
                            0x000018    0x00108f      
            4224 out of 33048 program addresses used, program memory utilization is 12%



                              Symbols - Sorted by Name
                     Name    Address   Location    Storage File                     
                ---------  ---------  ---------  --------- ---------                
                   D100_1   0x000fd4    program     static C:\MCC18\src\traditional\delays\d100tcyx.asm
                    D100x   0x000fd2    program     static C:\MCC18\src\traditional\delays\d100tcyx.asm
                    D10_1   0x000ff2    program     static C:\MCC18\src\traditional\delays\d10tcyx.asm
                     D10x   0x000fea    program     static C:\MCC18\src\traditional\delays\d10tcyx.asm
                   D1616S   0x0008a2    program     static C:\MCC18\src\traditional\math\fxd1616s.asm
                D1616SNEG   0x0008b0    program     static C:\MCC18\src\traditional\math\fxd1616s.asm
                 D1616SOK   0x0008ac    program     static C:\MCC18\src\traditional\math\fxd1616s.asm
                  D1616SX   0x0008c2    program     static C:\MCC18\src\traditional\math\fxd1616s.asm
                    D1K_1   0x000f76    program     static C:\MCC18\src\traditional\delays\d1ktcyx.asm
                     D1Kx   0x000f74    program     static C:\MCC18\src\traditional\delays\d1ktcyx.asm
                  DA1616S   0x000892    program     static C:\MCC18\src\traditional\math\fxd1616s.asm
             Delay100TCYx   0x000fc6    program     extern C:\MCC18\src\traditional\delays\d100tcyx.asm
              Delay10TCYx   0x000fe2    program     extern C:\MCC18\src\traditional\delays\d10tcyx.asm
              Delay1KTCYx   0x000f6a    program     extern C:\MCC18\src\traditional\delays\d1ktcyx.asm
                 Delay1ms   0x000a92    program     extern C:\Users\lenovo\Desktop\pic18maplab\1\ds18b20.c
         Ds18b20ChangTemp   0x000c86    program     extern C:\Users\lenovo\Desktop\pic18maplab\1\ds18b20.c
              Ds18b20Init   0x000afa    program     extern C:\Users\lenovo\Desktop\pic18maplab\1\ds18b20.c
          Ds18b20ReadByte   0x000be8    program     extern C:\Users\lenovo\Desktop\pic18maplab\1\ds18b20.c
          Ds18b20ReadTemp   0x000cc6    program     extern C:\Users\lenovo\Desktop\pic18maplab\1\ds18b20.c
       Ds18b20ReadTempCom   0x000ca6    program     extern C:\Users\lenovo\Desktop\pic18maplab\1\ds18b20.c
         Ds18b20WriteByte   0x000b60    program     extern C:\Users\lenovo\Desktop\pic18maplab\1\ds18b20.c
                 FLO1632S   0x000652    program     extern C:\MCC18\src\traditional\math\cast16FP.asm
                 FLO1632U   0x00064e    program     extern C:\MCC18\src\traditional\math\cast16FP.asm
                    FPA32   0x00067a    program     extern C:\MCC18\src\traditional\math\addFP.asm
                    FPM32   0x0007a6    program     extern C:\MCC18\src\traditional\math\mulFP.asm
                    FPS32   0x000678    program     extern C:\MCC18\src\traditional\math\addFP.asm
                 FXD1616S   0x000880    program     extern C:\MCC18\src\traditional\math\fxd1616s.asm
                 FXD1616U   0x000f3e    program     extern C:\MCC18\src\traditional\math\fxd1616u.c
                  INT3216   0x0008cc    program     extern C:\MCC18\src\traditional\math\castFP16.asm
       InterruptVectorLow   0x000018    program     extern C:\Users\lenovo\Desktop\pic18maplab\1\beef.c
       _D100TCYXCODE_0008   0x000fce    program     static C:\MCC18\src\traditional\delays\d100tcyx.asm
       _D100TCYXCODE_0012   0x000fd8    program     static C:\MCC18\src\traditional\delays\d100tcyx.asm
       _D100TCYXCODE_0018   0x000fde    program     static C:\MCC18\src\traditional\delays\d100tcyx.asm
        _D10TCYXCODE_000A   0x000fec    program     static C:\MCC18\src\traditional\delays\d10tcyx.asm
        _D10TCYXCODE_000C   0x000fee    program     static C:\MCC18\src\traditional\delays\d10tcyx.asm
        _D10TCYXCODE_000E   0x000ff0    program     static C:\MCC18\src\traditional\delays\d10tcyx.asm
        _D1KTCYXCODE_0010   0x000f7a    program     static C:\MCC18\src\traditional\delays\d1ktcyx.asm
        _D1KTCYXCODE_0016   0x000f80    program     static C:\MCC18\src\traditional\delays\d1ktcyx.asm
                 __FpExit   0x000936    program     extern C:\MCC18\src\traditional\math\packFP.asm
                 __FpPack   0x000962    program     extern C:\MCC18\src\traditional\math\packFP.asm
            __FpReturnNaN   0x00092a    program     extern C:\MCC18\src\traditional\math\packFP.asm
         __FpReturnNegInf   0x00093c    program     extern C:\MCC18\src\traditional\math\packFP.asm
        __FpReturnNegZero   0x000954    program     extern C:\MCC18\src\traditional\math\packFP.asm
         __FpReturnPosInf   0x000942    program     extern C:\MCC18\src\traditional\math\packFP.asm
        __FpReturnPosZero   0x00095c    program     extern C:\MCC18\src\traditional\math\packFP.asm
        __FpReturnSignInf   0x000938    program     extern C:\MCC18\src\traditional\math\packFP.asm
       __FpReturnSignZero   0x000950    program     extern C:\MCC18\src\traditional\math\packFP.asm
              __FpReturnW   0x0009ba    program     extern C:\MCC18\src\traditional\math\packFP.asm
              __FpUnPackA   0x0009da    program     extern C:\MCC18\src\traditional\math\UnpackFP.asm
              __FpUnPackB   0x000a0a    program     extern C:\MCC18\src\traditional\math\UnpackFP.asm
          ___for_lbl00019   0x000bc8    program     static                          
          ___for_lbl00020   0x000bd4    program     static                          
          ___for_lbl00021   0x000b76    program     static                          
          ___for_lbl00023   0x000c5e    program     static                          
          ___for_lbl00024   0x000c6a    program     static                          
          ___for_lbl00025   0x000c02    program     static                          
           ___if_lbl00017   0x000b42    program     static                          
       ___return_lbl00000   0x000004    program     static                          
       ___return_lbl00000   0x000f68    program     static                          
       ___return_lbl00001   0x000fc4    program     static                          
       ___return_lbl00002   0x000f3c    program     static                          
       ___return_lbl00008   0x00001c    program     static                          
       ___return_lbl00014   0x000b48    program     static                          
       ___return_lbl00018   0x000bd4    program     static                          
       ___return_lbl00022   0x000c6e    program     static                          
        ___while_lbl00015   0x000b1e    program     static                          
        ___while_lbl00016   0x000b44    program     static                          
                   __init   0x000006    program     extern C:\MCC18\src\traditional\stdclib\__init.c
            __zero_memory   0x000f8a    program     extern C:\MCC18\src\traditional\proc\p18F45K20.asm
                _do_cinit   0x000ea0    program     extern C:\MCC18\src\traditional\startup\c018i.c
                   _entry   0x000000    program     extern C:\MCC18\src\traditional\startup\c018i.c
                 _startup   0x000faa    program     extern C:\MCC18\src\traditional\startup\c018i.c
                 beefring   0x000de8    program     extern C:\Users\lenovo\Desktop\pic18maplab\1\beef.c
                compare_l   0x000fa0    program     static C:\MCC18\src\traditional\proc\p18F45K20.asm
                copy_loop   0x000f12    program     static                          
            copy_one_byte   0x000f18    program     static                          
                   delay1   0x000d2e    program     extern C:\Users\lenovo\Desktop\pic18maplab\1\beef.c
                delay_nms   0x000a36    program     extern C:\Users\lenovo\Desktop\pic18maplab\1\ds18b20.c
                 delay_us   0x000a68    program     extern C:\Users\lenovo\Desktop\pic18maplab\1\ds18b20.c
                  display   0x000062    program     extern C:\Users\lenovo\Desktop\pic18maplab\1\main.c
                     done   0x000f3c    program     static                          
             done_copying   0x000f26    program     static                          
                  endloop   0x000f64    program     static                          
                 jANotInf   0x0006a2    program     static C:\MCC18\src\traditional\math\addFP.asm
                 jANotInf   0x0007c4    program     static C:\MCC18\src\traditional\math\mulFP.asm
                 jANotNeg   0x000736    program     static C:\MCC18\src\traditional\math\addFP.asm
              jAandWsetup   0x000706    program     static C:\MCC18\src\traditional\math\addFP.asm
                 jAltBexp   0x0006f4    program     static C:\MCC18\src\traditional\math\addFP.asm
                jBANotInf   0x000698    program     static C:\MCC18\src\traditional\math\addFP.asm
                 jBNotInf   0x0006b0    program     static C:\MCC18\src\traditional\math\addFP.asm
              jBothFinite   0x0007d2    program     static C:\MCC18\src\traditional\math\mulFP.asm
             jBothNotZero   0x0007de    program     static C:\MCC18\src\traditional\math\mulFP.asm
            jDifOrPosSign   0x0006c4    program     static C:\MCC18\src\traditional\math\addFP.asm
                    jExit   0x000928    program     static C:\MCC18\src\traditional\math\castFP16.asm
               jFinalSign   0x00079e    program     static C:\MCC18\src\traditional\math\addFP.asm
                jHaveZero   0x0007da    program     static C:\MCC18\src\traditional\math\mulFP.asm
                jI2F16Beg   0x000662    program     static C:\MCC18\src\traditional\math\cast16FP.asm
                    jLoop   0x000908    program     static C:\MCC18\src\traditional\math\castFP16.asm
                jLoopExit   0x000918    program     static C:\MCC18\src\traditional\math\castFP16.asm
                     jMax   0x0008dc    program     static C:\MCC18\src\traditional\math\castFP16.asm
                  jMaxNeg   0x0008ea    program     static C:\MCC18\src\traditional\math\castFP16.asm
                  jMaxPos   0x0008e0    program     static C:\MCC18\src\traditional\math\castFP16.asm
             jNotBothZero   0x0006c8    program     static C:\MCC18\src\traditional\math\addFP.asm
                  jNotInf   0x0008f8    program     static C:\MCC18\src\traditional\math\castFP16.asm
                  jPkLoop   0x000970    program     static C:\MCC18\src\traditional\math\packFP.asm
             jPkRoundDone   0x0009ba    program     static C:\MCC18\src\traditional\math\packFP.asm
               jPkRoundIt   0x0009a2    program     static C:\MCC18\src\traditional\math\packFP.asm
             jPkShiftDone   0x00098c    program     static C:\MCC18\src\traditional\math\packFP.asm
           jReturnPosInf0   0x000946    program     static C:\MCC18\src\traditional\math\packFP.asm
               jShiftDone   0x00075e    program     static C:\MCC18\src\traditional\math\addFP.asm
               jShiftLoop   0x000750    program     static C:\MCC18\src\traditional\math\addFP.asm
                jSignDone   0x00078e    program     static C:\MCC18\src\traditional\math\addFP.asm
                  jUnpkA1   0x0009e4    program     static C:\MCC18\src\traditional\math\UnpackFP.asm
                  jUnpkA2   0x0009fc    program     static C:\MCC18\src\traditional\math\UnpackFP.asm
                 jUnpkANZ   0x0009f2    program     static C:\MCC18\src\traditional\math\UnpackFP.asm
                  jUnpkB1   0x000a14    program     static C:\MCC18\src\traditional\math\UnpackFP.asm
                  jUnpkB2   0x000a2c    program     static C:\MCC18\src\traditional\math\UnpackFP.asm
                 jUnpkBNZ   0x000a22    program     static C:\MCC18\src\traditional\math\UnpackFP.asm
                 jUnpkNaN   0x000a06    program     static C:\MCC18\src\traditional\math\UnpackFP.asm
                 jWNotNeg   0x00074a    program     static C:\MCC18\src\traditional\math\addFP.asm
                    jZero   0x0008f2    program     static C:\MCC18\src\traditional\math\castFP16.asm
               jZero1and2   0x00094a    program     static C:\MCC18\src\traditional\math\packFP.asm
                     loop   0x000f48    program     static                          
                     loop   0x000fba    program     static                          
                   loop_h   0x000f98    program     static C:\MCC18\src\traditional\proc\p18F45K20.asm
                   loop_l   0x000fa2    program     static C:\MCC18\src\traditional\proc\p18F45K20.asm
                     main   0x000038    program     extern C:\Users\lenovo\Desktop\pic18maplab\1\main.c
                     song   0x000dd4    program     extern C:\Users\lenovo\Desktop\pic18maplab\1\beef.c
                     test   0x000eba    program     static                          
                   timer0   0x000d9e    program     extern C:\Users\lenovo\Desktop\pic18maplab\1\beef.c
               zero_block   0x000f98    program     static C:\MCC18\src\traditional\proc\p18F45K20.asm
                   ADCON0   0x000fc2       data     extern C:\MCC18\src\traditional\proc\p18F45K20.asm
               ADCON0bits   0x000fc2       data     extern C:\MCC18\src\traditional\proc\p18F45K20.asm
                   ADCON1   0x000fc1       data     extern C:\MCC18\src\traditional\proc\p18F45K20.asm
               ADCON1bits   0x000fc1       data     extern C:\MCC18\src\traditional\proc\p18F45K20.asm
                   ADCON2   0x000fc0       data     extern C:\MCC18\src\traditional\proc\p18F45K20.asm
               ADCON2bits   0x000fc0       data     extern C:\MCC18\src\traditional\proc\p18F45K20.asm
                    ADRES   0x000fc3       data     extern C:\MCC18\src\traditional\proc\p18F45K20.asm
                   ADRESH   0x000fc4       data     extern C:\MCC18\src\traditional\proc\p18F45K20.asm
                   ADRESL   0x000fc3       data     extern C:\MCC18\src\traditional\proc\p18F45K20.asm
                    ANSEL   0x000f7e       data     extern C:\MCC18\src\traditional\proc\p18F45K20.asm
                   ANSELH   0x000f7f       data     extern C:\MCC18\src\traditional\proc\p18F45K20.asm
               ANSELHbits   0x000f7f       data     extern C:\MCC18\src\traditional\proc\p18F45K20.asm
                ANSELbits   0x000f7e       data     extern C:\MCC18\src\traditional\proc\p18F45K20.asm
                  BAUDCON   0x000fb8       data     extern C:\MCC18\src\traditional\proc\p18F45K20.asm
              BAUDCONbits   0x000fb8       data     extern C:\MCC18\src\traditional\proc\p18F45K20.asm
                  BAUDCTL   0x000fb8       data     extern C:\MCC18\src\traditional\proc\p18F45K20.asm
              BAUDCTLbits   0x000fb8       data     extern C:\MCC18\src\traditional\proc\p18F45K20.asm
                      BSR   0x000fe0       data     extern C:\MCC18\src\traditional\proc\p18F45K20.asm
                  CCP1CON   0x000fbd       data     extern C:\MCC18\src\traditional\proc\p18F45K20.asm
              CCP1CONbits   0x000fbd       data     extern C:\MCC18\src\traditional\proc\p18F45K20.asm
                  CCP2CON   0x000fba       data     extern C:\MCC18\src\traditional\proc\p18F45K20.asm
              CCP2CONbits   0x000fba       data     extern C:\MCC18\src\traditional\proc\p18F45K20.asm
                    CCPR1   0x000fbe       data     extern C:\MCC18\src\traditional\proc\p18F45K20.asm
                   CCPR1H   0x000fbf       data     extern C:\MCC18\src\traditional\proc\p18F45K20.asm
                   CCPR1L   0x000fbe       data     extern C:\MCC18\src\traditional\proc\p18F45K20.asm
                    CCPR2   0x000fbb       data     extern C:\MCC18\src\traditional\proc\p18F45K20.asm
                   CCPR2H   0x000fbc       data     extern C:\MCC18\src\traditional\proc\p18F45K20.asm
                   CCPR2L   0x000fbb       data     extern C:\MCC18\src\traditional\proc\p18F45K20.asm
                  CM1CON0   0x000f7b       data     extern C:\MCC18\src\traditional\proc\p18F45K20.asm
              CM1CON0bits   0x000f7b       data     extern C:\MCC18\src\traditional\proc\p18F45K20.asm
                  CM2CON0   0x000f7a       data     extern C:\MCC18\src\traditional\proc\p18F45K20.asm
              CM2CON0bits   0x000f7a       data     extern C:\MCC18\src\traditional\proc\p18F45K20.asm
                  CM2CON1   0x000f79       data     extern C:\MCC18\src\traditional\proc\p18F45K20.asm
              CM2CON1bits   0x000f79       data     extern C:\MCC18\src\traditional\proc\p18F45K20.asm
                   CVRCON   0x000fb5       data     extern C:\MCC18\src\traditional\proc\p18F45K20.asm
                  CVRCON2   0x000fb4       data     extern C:\MCC18\src\traditional\proc\p18F45K20.asm
              CVRCON2bits   0x000fb4       data     extern C:\MCC18\src\traditional\proc\p18F45K20.asm
               CVRCONbits   0x000fb5       data     extern C:\MCC18\src\traditional\proc\p18F45K20.asm
                     DDRA   0x000f92       data     extern C:\MCC18\src\traditional\proc\p18F45K20.asm
                 DDRAbits   0x000f92       data     extern C:\MCC18\src\traditional\proc\p18F45K20.asm
                     DDRB   0x000f93       data     extern C:\MCC18\src\traditional\proc\p18F45K20.asm
                 DDRBbits   0x000f93       data     extern C:\MCC18\src\traditional\proc\p18F45K20.asm
                     DDRC   0x000f94       data     extern C:\MCC18\src\traditional\proc\p18F45K20.asm
                 DDRCbits   0x000f94       data     extern C:\MCC18\src\traditional\proc\p18F45K20.asm
                     DDRD   0x000f95       data     extern C:\MCC18\src\traditional\proc\p18F45K20.asm
                 DDRDbits   0x000f95       data     extern C:\MCC18\src\traditional\proc\p18F45K20.asm
                     DDRE   0x000f96       data     extern C:\MCC18\src\traditional\proc\p18F45K20.asm
                 DDREbits   0x000f96       data     extern C:\MCC18\src\traditional\proc\p18F45K20.asm
            DelayCounter1   0x000020       data     extern C:\MCC18\src\traditional\delays\delayd1.asm
                  ECCP1AS   0x000fb6       data     extern C:\MCC18\src\traditional\proc\p18F45K20.asm
              ECCP1ASbits   0x000fb6       data     extern C:\MCC18\src\traditional\proc\p18F45K20.asm
                    EEADR   0x000fa9       data     extern C:\MCC18\src\traditional\proc\p18F45K20.asm
                   EECON1   0x000fa6       data     extern C:\MCC18\src\traditional\proc\p18F45K20.asm
               EECON1bits   0x000fa6       data     extern C:\MCC18\src\traditional\proc\p18F45K20.asm
                   EECON2   0x000fa7       data     extern C:\MCC18\src\traditional\proc\p18F45K20.asm
                   EEDATA   0x000fa8       data     extern C:\MCC18\src\traditional\proc\p18F45K20.asm
                    FREQH   0x0000ab       data     extern C:\Users\lenovo\Desktop\pic18maplab\1\beef.c
                    FREQL   0x0000c7       data     extern C:\Users\lenovo\Desktop\pic18maplab\1\beef.c
                     FSR0   0x000fe9       data     extern C:\MCC18\src\traditional\proc\p18F45K20.asm
                    FSR0H   0x000fea       data     extern C:\MCC18\src\traditional\proc\p18F45K20.asm
                    FSR0L   0x000fe9       data     extern C:\MCC18\src\traditional\proc\p18F45K20.asm
                     FSR1   0x000fe1       data     extern C:\MCC18\src\traditional\proc\p18F45K20.asm
                    FSR1H   0x000fe2       data     extern C:\MCC18\src\traditional\proc\p18F45K20.asm
                    FSR1L   0x000fe1       data     extern C:\MCC18\src\traditional\proc\p18F45K20.asm
                     FSR2   0x000fd9       data     extern C:\MCC18\src\traditional\proc\p18F45K20.asm
                    FSR2H   0x000fda       data     extern C:\MCC18\src\traditional\proc\p18F45K20.asm
                    FSR2L   0x000fd9       data     extern C:\MCC18\src\traditional\proc\p18F45K20.asm
                  HLVDCON   0x000fd2       data     extern C:\MCC18\src\traditional\proc\p18F45K20.asm
              HLVDCONbits   0x000fd2       data     extern C:\MCC18\src\traditional\proc\p18F45K20.asm
                    INDF0   0x000fef       data     extern C:\MCC18\src\traditional\proc\p18F45K20.asm
                    INDF1   0x000fe7       data     extern C:\MCC18\src\traditional\proc\p18F45K20.asm
                    INDF2   0x000fdf       data     extern C:\MCC18\src\traditional\proc\p18F45K20.asm
                   INTCON   0x000ff2       data     extern C:\MCC18\src\traditional\proc\p18F45K20.asm
                  INTCON2   0x000ff1       data     extern C:\MCC18\src\traditional\proc\p18F45K20.asm
              INTCON2bits   0x000ff1       data     extern C:\MCC18\src\traditional\proc\p18F45K20.asm
                  INTCON3   0x000ff0       data     extern C:\MCC18\src\traditional\proc\p18F45K20.asm
              INTCON3bits   0x000ff0       data     extern C:\MCC18\src\traditional\proc\p18F45K20.asm
               INTCONbits   0x000ff2       data     extern C:\MCC18\src\traditional\proc\p18F45K20.asm
                     IOCB   0x000f7d       data     extern C:\MCC18\src\traditional\proc\p18F45K20.asm
                 IOCBbits   0x000f7d       data     extern C:\MCC18\src\traditional\proc\p18F45K20.asm
                     IPR1   0x000f9f       data     extern C:\MCC18\src\traditional\proc\p18F45K20.asm
                 IPR1bits   0x000f9f       data     extern C:\MCC18\src\traditional\proc\p18F45K20.asm
                     IPR2   0x000fa2       data     extern C:\MCC18\src\traditional\proc\p18F45K20.asm
                 IPR2bits   0x000fa2       data     extern C:\MCC18\src\traditional\proc\p18F45K20.asm
                     LATA   0x000f89       data     extern C:\MCC18\src\traditional\proc\p18F45K20.asm
                 LATAbits   0x000f89       data     extern C:\MCC18\src\traditional\proc\p18F45K20.asm
                     LATB   0x000f8a       data     extern C:\MCC18\src\traditional\proc\p18F45K20.asm
                 LATBbits   0x000f8a       data     extern C:\MCC18\src\traditional\proc\p18F45K20.asm
                     LATC   0x000f8b       data     extern C:\MCC18\src\traditional\proc\p18F45K20.asm
                 LATCbits   0x000f8b       data     extern C:\MCC18\src\traditional\proc\p18F45K20.asm
                     LATD   0x000f8c       data     extern C:\MCC18\src\traditional\proc\p18F45K20.asm
                 LATDbits   0x000f8c       data     extern C:\MCC18\src\traditional\proc\p18F45K20.asm
                     LATE   0x000f8d       data     extern C:\MCC18\src\traditional\proc\p18F45K20.asm
                 LATEbits   0x000f8d       data     extern C:\MCC18\src\traditional\proc\p18F45K20.asm
                   LVDCON   0x000fd2       data     extern C:\MCC18\src\traditional\proc\p18F45K20.asm
               LVDCONbits   0x000fd2       data     extern C:\MCC18\src\traditional\proc\p18F45K20.asm
                   OSCCON   0x000fd3       data     extern C:\MCC18\src\traditional\proc\p18F45K20.asm
               OSCCONbits   0x000fd3       data     extern C:\MCC18\src\traditional\proc\p18F45K20.asm
                  OSCTUNE   0x000f9b       data     extern C:\MCC18\src\traditional\proc\p18F45K20.asm
              OSCTUNEbits   0x000f9b       data     extern C:\MCC18\src\traditional\proc\p18F45K20.asm
                       PC   0x000ff9       data     extern C:\MCC18\src\traditional\proc\p18F45K20.asm
                      PCL   0x000ff9       data     extern C:\MCC18\src\traditional\proc\p18F45K20.asm
                   PCLATH   0x000ffa       data     extern C:\MCC18\src\traditional\proc\p18F45K20.asm
                   PCLATU   0x000ffb       data     extern C:\MCC18\src\traditional\proc\p18F45K20.asm
                     PIE1   0x000f9d       data     extern C:\MCC18\src\traditional\proc\p18F45K20.asm
                 PIE1bits   0x000f9d       data     extern C:\MCC18\src\traditional\proc\p18F45K20.asm
                     PIE2   0x000fa0       data     extern C:\MCC18\src\traditional\proc\p18F45K20.asm
                 PIE2bits   0x000fa0       data     extern C:\MCC18\src\traditional\proc\p18F45K20.asm
                     PIR1   0x000f9e       data     extern C:\MCC18\src\traditional\proc\p18F45K20.asm
                 PIR1bits   0x000f9e       data     extern C:\MCC18\src\traditional\proc\p18F45K20.asm
                     PIR2   0x000fa1       data     extern C:\MCC18\src\traditional\proc\p18F45K20.asm
                 PIR2bits   0x000fa1       data     extern C:\MCC18\src\traditional\proc\p18F45K20.asm
                   PLUSW0   0x000feb       data     extern C:\MCC18\src\traditional\proc\p18F45K20.asm
                   PLUSW1   0x000fe3       data     extern C:\MCC18\src\traditional\proc\p18F45K20.asm
                   PLUSW2   0x000fdb       data     extern C:\MCC18\src\traditional\proc\p18F45K20.asm
                    PORTA   0x000f80       data     extern C:\MCC18\src\traditional\proc\p18F45K20.asm
                PORTAbits   0x000f80       data     extern C:\MCC18\src\traditional\proc\p18F45K20.asm
                    PORTB   0x000f81       data     extern C:\MCC18\src\traditional\proc\p18F45K20.asm
                PORTBbits   0x000f81       data     extern C:\MCC18\src\traditional\proc\p18F45K20.asm
                    PORTC   0x000f82       data     extern C:\MCC18\src\traditional\proc\p18F45K20.asm
                PORTCbits   0x000f82       data     extern C:\MCC18\src\traditional\proc\p18F45K20.asm
                    PORTD   0x000f83       data     extern C:\MCC18\src\traditional\proc\p18F45K20.asm
                PORTDbits   0x000f83       data     extern C:\MCC18\src\traditional\proc\p18F45K20.asm
                    PORTE   0x000f84       data     extern C:\MCC18\src\traditional\proc\p18F45K20.asm
                PORTEbits   0x000f84       data     extern C:\MCC18\src\traditional\proc\p18F45K20.asm
                 POSTDEC0   0x000fed       data     extern C:\MCC18\src\traditional\proc\p18F45K20.asm
                 POSTDEC1   0x000fe5       data     extern C:\MCC18\src\traditional\proc\p18F45K20.asm
                 POSTDEC2   0x000fdd       data     extern C:\MCC18\src\traditional\proc\p18F45K20.asm
                 POSTINC0   0x000fee       data     extern C:\MCC18\src\traditional\proc\p18F45K20.asm
                 POSTINC1   0x000fe6       data     extern C:\MCC18\src\traditional\proc\p18F45K20.asm
                 POSTINC2   0x000fde       data     extern C:\MCC18\src\traditional\proc\p18F45K20.asm
                      PR2   0x000fcb       data     extern C:\MCC18\src\traditional\proc\p18F45K20.asm
                  PREINC0   0x000fec       data     extern C:\MCC18\src\traditional\proc\p18F45K20.asm
                  PREINC1   0x000fe4       data     extern C:\MCC18\src\traditional\proc\p18F45K20.asm
                  PREINC2   0x000fdc       data     extern C:\MCC18\src\traditional\proc\p18F45K20.asm
                     PROD   0x000ff3       data     extern C:\MCC18\src\traditional\proc\p18F45K20.asm
                    PRODH   0x000ff4       data     extern C:\MCC18\src\traditional\proc\p18F45K20.asm
                    PRODL   0x000ff3       data     extern C:\MCC18\src\traditional\proc\p18F45K20.asm
                  PSTRCON   0x000fb9       data     extern C:\MCC18\src\traditional\proc\p18F45K20.asm
              PSTRCONbits   0x000fb9       data     extern C:\MCC18\src\traditional\proc\p18F45K20.asm
                  PWM1CON   0x000fb7       data     extern C:\MCC18\src\traditional\proc\p18F45K20.asm
              PWM1CONbits   0x000fb7       data     extern C:\MCC18\src\traditional\proc\p18F45K20.asm
                     RCON   0x000fd0       data     extern C:\MCC18\src\traditional\proc\p18F45K20.asm
                 RCONbits   0x000fd0       data     extern C:\MCC18\src\traditional\proc\p18F45K20.asm
                    RCREG   0x000fae       data     extern C:\MCC18\src\traditional\proc\p18F45K20.asm
                    RCSTA   0x000fab       data     extern C:\MCC18\src\traditional\proc\p18F45K20.asm
                RCSTAbits   0x000fab       data     extern C:\MCC18\src\traditional\proc\p18F45K20.asm
                     SIGN   0x000000       data     extern C:\MCC18\src\traditional\math\cmath18.asm
                   SLRCON   0x000f78       data     extern C:\MCC18\src\traditional\proc\p18F45K20.asm
               SLRCONbits   0x000f78       data     extern C:\MCC18\src\traditional\proc\p18F45K20.asm
                    SPBRG   0x000faf       data     extern C:\MCC18\src\traditional\proc\p18F45K20.asm
                   SPBRGH   0x000fb0       data     extern C:\MCC18\src\traditional\proc\p18F45K20.asm
                   SSPADD   0x000fc8       data     extern C:\MCC18\src\traditional\proc\p18F45K20.asm
                   SSPBUF   0x000fc9       data     extern C:\MCC18\src\traditional\proc\p18F45K20.asm
                  SSPCON1   0x000fc6       data     extern C:\MCC18\src\traditional\proc\p18F45K20.asm
              SSPCON1bits   0x000fc6       data     extern C:\MCC18\src\traditional\proc\p18F45K20.asm
                  SSPCON2   0x000fc5       data     extern C:\MCC18\src\traditional\proc\p18F45K20.asm
              SSPCON2bits   0x000fc5       data     extern C:\MCC18\src\traditional\proc\p18F45K20.asm
                   SSPMSK   0x000f77       data     extern C:\MCC18\src\traditional\proc\p18F45K20.asm
               SSPMSKbits   0x000f77       data     extern C:\MCC18\src\traditional\proc\p18F45K20.asm
                  SSPSTAT   0x000fc7       data     extern C:\MCC18\src\traditional\proc\p18F45K20.asm
              SSPSTATbits   0x000fc7       data     extern C:\MCC18\src\traditional\proc\p18F45K20.asm
                   STATUS   0x000fd8       data     extern C:\MCC18\src\traditional\proc\p18F45K20.asm
               STATUSbits   0x000fd8       data     extern C:\MCC18\src\traditional\proc\p18F45K20.asm
                   STKPTR   0x000ffc       data     extern C:\MCC18\src\traditional\proc\p18F45K20.asm
               STKPTRbits   0x000ffc       data     extern C:\MCC18\src\traditional\proc\p18F45K20.asm
                    T0CON   0x000fd5       data     extern C:\MCC18\src\traditional\proc\p18F45K20.asm
                T0CONbits   0x000fd5       data     extern C:\MCC18\src\traditional\proc\p18F45K20.asm
                    T1CON   0x000fcd       data     extern C:\MCC18\src\traditional\proc\p18F45K20.asm
                T1CONbits   0x000fcd       data     extern C:\MCC18\src\traditional\proc\p18F45K20.asm
                    T2CON   0x000fca       data     extern C:\MCC18\src\traditional\proc\p18F45K20.asm
                T2CONbits   0x000fca       data     extern C:\MCC18\src\traditional\proc\p18F45K20.asm
                    T3CON   0x000fb1       data     extern C:\MCC18\src\traditional\proc\p18F45K20.asm
                T3CONbits   0x000fb1       data     extern C:\MCC18\src\traditional\proc\p18F45K20.asm
                   TABLAT   0x000ff5       data     extern C:\MCC18\src\traditional\proc\p18F45K20.asm
                   TBLPTR   0x000ff6       data     extern C:\MCC18\src\traditional\proc\p18F45K20.asm
                  TBLPTRH   0x000ff7       data     extern C:\MCC18\src\traditional\proc\p18F45K20.asm
                  TBLPTRL   0x000ff6       data     extern C:\MCC18\src\traditional\proc\p18F45K20.asm
                  TBLPTRU   0x000ff8       data     extern C:\MCC18\src\traditional\proc\p18F45K20.asm
                    TMR0H   0x000fd7       data     extern C:\MCC18\src\traditional\proc\p18F45K20.asm
                    TMR0L   0x000fd6       data     extern C:\MCC18\src\traditional\proc\p18F45K20.asm
                    TMR1H   0x000fcf       data     extern C:\MCC18\src\traditional\proc\p18F45K20.asm
                    TMR1L   0x000fce       data     extern C:\MCC18\src\traditional\proc\p18F45K20.asm
                     TMR2   0x000fcc       data     extern C:\MCC18\src\traditional\proc\p18F45K20.asm
                    TMR3H   0x000fb3       data     extern C:\MCC18\src\traditional\proc\p18F45K20.asm
                    TMR3L   0x000fb2       data     extern C:\MCC18\src\traditional\proc\p18F45K20.asm
                      TOS   0x000ffd       data     extern C:\MCC18\src\traditional\proc\p18F45K20.asm
                     TOSH   0x000ffe       data     extern C:\MCC18\src\traditional\proc\p18F45K20.asm
                     TOSL   0x000ffd       data     extern C:\MCC18\src\traditional\proc\p18F45K20.asm
                     TOSU   0x000fff       data     extern C:\MCC18\src\traditional\proc\p18F45K20.asm
                    TRISA   0x000f92       data     extern C:\MCC18\src\traditional\proc\p18F45K20.asm
                TRISAbits   0x000f92       data     extern C:\MCC18\src\traditional\proc\p18F45K20.asm
                    TRISB   0x000f93       data     extern C:\MCC18\src\traditional\proc\p18F45K20.asm
                TRISBbits   0x000f93       data     extern C:\MCC18\src\traditional\proc\p18F45K20.asm
                    TRISC   0x000f94       data     extern C:\MCC18\src\traditional\proc\p18F45K20.asm
                TRISCbits   0x000f94       data     extern C:\MCC18\src\traditional\proc\p18F45K20.asm
                    TRISD   0x000f95       data     extern C:\MCC18\src\traditional\proc\p18F45K20.asm
                TRISDbits   0x000f95       data     extern C:\MCC18\src\traditional\proc\p18F45K20.asm
                    TRISE   0x000f96       data     extern C:\MCC18\src\traditional\proc\p18F45K20.asm
                TRISEbits   0x000f96       data     extern C:\MCC18\src\traditional\proc\p18F45K20.asm
                    TXREG   0x000fad       data     extern C:\MCC18\src\traditional\proc\p18F45K20.asm
                    TXSTA   0x000fac       data     extern C:\MCC18\src\traditional\proc\p18F45K20.asm
                TXSTAbits   0x000fac       data     extern C:\MCC18\src\traditional\proc\p18F45K20.asm
                        W   0x000fe8       data     extern C:\MCC18\src\traditional\proc\p18F45K20.asm
                   WDTCON   0x000fd1       data     extern C:\MCC18\src\traditional\proc\p18F45K20.asm
               WDTCONbits   0x000fd1       data     extern C:\MCC18\src\traditional\proc\p18F45K20.asm
                     WPUB   0x000f7c       data     extern C:\MCC18\src\traditional\proc\p18F45K20.asm
                 WPUBbits   0x000f7c       data     extern C:\MCC18\src\traditional\proc\p18F45K20.asm
                     WREG   0x000fe8       data     extern C:\MCC18\src\traditional\proc\p18F45K20.asm
                 __AARGB0   0x000009       data     extern C:\MCC18\src\traditional\math\aarg.asm
                 __AARGB1   0x000008       data     extern C:\MCC18\src\traditional\math\aarg.asm
                 __AARGB2   0x000007       data     extern C:\MCC18\src\traditional\math\aarg.asm
                 __AARGB3   0x000006       data     extern C:\MCC18\src\traditional\math\aarg.asm
                 __AARGB4   0x000005       data     extern C:\MCC18\src\traditional\math\aarg.asm
                 __AARGB5   0x000004       data     extern C:\MCC18\src\traditional\math\aarg.asm
                 __AARGB6   0x000003       data     extern C:\MCC18\src\traditional\math\aarg.asm
                 __AARGB7   0x000002       data     extern C:\MCC18\src\traditional\math\aarg.asm
                   __AEXP   0x00000a       data     extern C:\MCC18\src\traditional\math\aarg.asm
                 __BARGB0   0x00000e       data     extern C:\MCC18\src\traditional\math\barg.asm
                 __BARGB1   0x00000d       data     extern C:\MCC18\src\traditional\math\barg.asm
                 __BARGB2   0x00000c       data     extern C:\MCC18\src\traditional\math\barg.asm
                 __BARGB3   0x00000b       data     extern C:\MCC18\src\traditional\math\barg.asm
                   __BEXP   0x00000f       data     extern C:\MCC18\src\traditional\math\barg.asm
                __FPFLAGS   0x000001       data     extern C:\MCC18\src\traditional\math\cmath18.asm
            __FPFLAGSbits   0x000001       data     extern C:\MCC18\src\traditional\math\cmath18.asm
                  __REMB0   0x000005       data     extern C:\MCC18\src\traditional\math\aarg.asm
                  __REMB1   0x000004       data     extern C:\MCC18\src\traditional\math\aarg.asm
                  __REMB2   0x000003       data     extern C:\MCC18\src\traditional\math\aarg.asm
                  __REMB3   0x000002       data     extern C:\MCC18\src\traditional\math\aarg.asm
                   __TEMP   0x000013       data     extern C:\MCC18\src\traditional\math\temparg.asm
                 __TEMPB0   0x000013       data     extern C:\MCC18\src\traditional\math\temparg.asm
                 __TEMPB1   0x000012       data     extern C:\MCC18\src\traditional\math\temparg.asm
                 __TEMPB2   0x000011       data     extern C:\MCC18\src\traditional\math\temparg.asm
                 __TEMPB3   0x000010       data     extern C:\MCC18\src\traditional\math\temparg.asm
                  __tmp_0   0x000014       data     static C:\Users\lenovo\Desktop\pic18maplab\1\beef.c
                  __tmp_0   0x000014       data     static C:\Users\lenovo\Desktop\pic18maplab\1\ds18b20.c
                  __tmp_0   0x000014       data     static C:\Users\lenovo\Desktop\pic18maplab\1\main.c
                curr_byte   0x000103       data     static C:\MCC18\src\traditional\startup\c018i.c
               curr_entry   0x000105       data     static C:\MCC18\src\traditional\startup\c018i.c
                 data_ptr   0x000107       data     static C:\MCC18\src\traditional\startup\c018i.c
                     prom   0x000100       data     static C:\MCC18\src\traditional\startup\c018i.c
                  sszymmh   0x000060       data     extern C:\Users\lenovo\Desktop\pic18maplab\1\beef.c
                   table1   0x0000e3       data     extern C:\Users\lenovo\Desktop\pic18maplab\1\main.c
                   table2   0x0000ee       data     extern C:\Users\lenovo\Desktop\pic18maplab\1\main.c
                     time   0x0000fa       data     extern C:\Users\lenovo\Desktop\pic18maplab\1\beef.c
                  timer0h   0x0000f8       data     extern C:\Users\lenovo\Desktop\pic18maplab\1\beef.c
                  timer0l   0x0000f9       data     extern C:\Users\lenovo\Desktop\pic18maplab\1\beef.c



                              Symbols - Sorted by Address
                     Name    Address   Location    Storage File                     
                ---------  ---------  ---------  --------- ---------                
                   _entry   0x000000    program     extern C:\MCC18\src\traditional\startup\c018i.c
       ___return_lbl00000   0x000004    program     static                          
                   __init   0x000006    program     extern C:\MCC18\src\traditional\stdclib\__init.c
       InterruptVectorLow   0x000018    program     extern C:\Users\lenovo\Desktop\pic18maplab\1\beef.c
       ___return_lbl00008   0x00001c    program     static                          
                     main   0x000038    program     extern C:\Users\lenovo\Desktop\pic18maplab\1\main.c
                  display   0x000062    program     extern C:\Users\lenovo\Desktop\pic18maplab\1\main.c
                 FLO1632U   0x00064e    program     extern C:\MCC18\src\traditional\math\cast16FP.asm
                 FLO1632S   0x000652    program     extern C:\MCC18\src\traditional\math\cast16FP.asm
                jI2F16Beg   0x000662    program     static C:\MCC18\src\traditional\math\cast16FP.asm
                    FPS32   0x000678    program     extern C:\MCC18\src\traditional\math\addFP.asm
                    FPA32   0x00067a    program     extern C:\MCC18\src\traditional\math\addFP.asm
                jBANotInf   0x000698    program     static C:\MCC18\src\traditional\math\addFP.asm
                 jANotInf   0x0006a2    program     static C:\MCC18\src\traditional\math\addFP.asm
                 jBNotInf   0x0006b0    program     static C:\MCC18\src\traditional\math\addFP.asm
            jDifOrPosSign   0x0006c4    program     static C:\MCC18\src\traditional\math\addFP.asm
             jNotBothZero   0x0006c8    program     static C:\MCC18\src\traditional\math\addFP.asm
                 jAltBexp   0x0006f4    program     static C:\MCC18\src\traditional\math\addFP.asm
              jAandWsetup   0x000706    program     static C:\MCC18\src\traditional\math\addFP.asm
                 jANotNeg   0x000736    program     static C:\MCC18\src\traditional\math\addFP.asm
                 jWNotNeg   0x00074a    program     static C:\MCC18\src\traditional\math\addFP.asm
               jShiftLoop   0x000750    program     static C:\MCC18\src\traditional\math\addFP.asm
               jShiftDone   0x00075e    program     static C:\MCC18\src\traditional\math\addFP.asm
                jSignDone   0x00078e    program     static C:\MCC18\src\traditional\math\addFP.asm
               jFinalSign   0x00079e    program     static C:\MCC18\src\traditional\math\addFP.asm
                    FPM32   0x0007a6    program     extern C:\MCC18\src\traditional\math\mulFP.asm
                 jANotInf   0x0007c4    program     static C:\MCC18\src\traditional\math\mulFP.asm
              jBothFinite   0x0007d2    program     static C:\MCC18\src\traditional\math\mulFP.asm
                jHaveZero   0x0007da    program     static C:\MCC18\src\traditional\math\mulFP.asm
             jBothNotZero   0x0007de    program     static C:\MCC18\src\traditional\math\mulFP.asm
                 FXD1616S   0x000880    program     extern C:\MCC18\src\traditional\math\fxd1616s.asm
                  DA1616S   0x000892    program     static C:\MCC18\src\traditional\math\fxd1616s.asm
                   D1616S   0x0008a2    program     static C:\MCC18\src\traditional\math\fxd1616s.asm
                 D1616SOK   0x0008ac    program     static C:\MCC18\src\traditional\math\fxd1616s.asm
                D1616SNEG   0x0008b0    program     static C:\MCC18\src\traditional\math\fxd1616s.asm
                  D1616SX   0x0008c2    program     static C:\MCC18\src\traditional\math\fxd1616s.asm
                  INT3216   0x0008cc    program     extern C:\MCC18\src\traditional\math\castFP16.asm
                     jMax   0x0008dc    program     static C:\MCC18\src\traditional\math\castFP16.asm
                  jMaxPos   0x0008e0    program     static C:\MCC18\src\traditional\math\castFP16.asm
                  jMaxNeg   0x0008ea    program     static C:\MCC18\src\traditional\math\castFP16.asm
                    jZero   0x0008f2    program     static C:\MCC18\src\traditional\math\castFP16.asm
                  jNotInf   0x0008f8    program     static C:\MCC18\src\traditional\math\castFP16.asm
                    jLoop   0x000908    program     static C:\MCC18\src\traditional\math\castFP16.asm
                jLoopExit   0x000918    program     static C:\MCC18\src\traditional\math\castFP16.asm
                    jExit   0x000928    program     static C:\MCC18\src\traditional\math\castFP16.asm
            __FpReturnNaN   0x00092a    program     extern C:\MCC18\src\traditional\math\packFP.asm
                 __FpExit   0x000936    program     extern C:\MCC18\src\traditional\math\packFP.asm
        __FpReturnSignInf   0x000938    program     extern C:\MCC18\src\traditional\math\packFP.asm
         __FpReturnNegInf   0x00093c    program     extern C:\MCC18\src\traditional\math\packFP.asm
         __FpReturnPosInf   0x000942    program     extern C:\MCC18\src\traditional\math\packFP.asm
           jReturnPosInf0   0x000946    program     static C:\MCC18\src\traditional\math\packFP.asm
               jZero1and2   0x00094a    program     static C:\MCC18\src\traditional\math\packFP.asm
       __FpReturnSignZero   0x000950    program     extern C:\MCC18\src\traditional\math\packFP.asm
        __FpReturnNegZero   0x000954    program     extern C:\MCC18\src\traditional\math\packFP.asm
        __FpReturnPosZero   0x00095c    program     extern C:\MCC18\src\traditional\math\packFP.asm
                 __FpPack   0x000962    program     extern C:\MCC18\src\traditional\math\packFP.asm
                  jPkLoop   0x000970    program     static C:\MCC18\src\traditional\math\packFP.asm
             jPkShiftDone   0x00098c    program     static C:\MCC18\src\traditional\math\packFP.asm
               jPkRoundIt   0x0009a2    program     static C:\MCC18\src\traditional\math\packFP.asm
              __FpReturnW   0x0009ba    program     extern C:\MCC18\src\traditional\math\packFP.asm
             jPkRoundDone   0x0009ba    program     static C:\MCC18\src\traditional\math\packFP.asm
              __FpUnPackA   0x0009da    program     extern C:\MCC18\src\traditional\math\UnpackFP.asm
                  jUnpkA1   0x0009e4    program     static C:\MCC18\src\traditional\math\UnpackFP.asm
                 jUnpkANZ   0x0009f2    program     static C:\MCC18\src\traditional\math\UnpackFP.asm
                  jUnpkA2   0x0009fc    program     static C:\MCC18\src\traditional\math\UnpackFP.asm
                 jUnpkNaN   0x000a06    program     static C:\MCC18\src\traditional\math\UnpackFP.asm
              __FpUnPackB   0x000a0a    program     extern C:\MCC18\src\traditional\math\UnpackFP.asm
                  jUnpkB1   0x000a14    program     static C:\MCC18\src\traditional\math\UnpackFP.asm
                 jUnpkBNZ   0x000a22    program     static C:\MCC18\src\traditional\math\UnpackFP.asm
                  jUnpkB2   0x000a2c    program     static C:\MCC18\src\traditional\math\UnpackFP.asm
                delay_nms   0x000a36    program     extern C:\Users\lenovo\Desktop\pic18maplab\1\ds18b20.c
                 delay_us   0x000a68    program     extern C:\Users\lenovo\Desktop\pic18maplab\1\ds18b20.c
                 Delay1ms   0x000a92    program     extern C:\Users\lenovo\Desktop\pic18maplab\1\ds18b20.c
              Ds18b20Init   0x000afa    program     extern C:\Users\lenovo\Desktop\pic18maplab\1\ds18b20.c
        ___while_lbl00015   0x000b1e    program     static                          
           ___if_lbl00017   0x000b42    program     static                          
        ___while_lbl00016   0x000b44    program     static                          
       ___return_lbl00014   0x000b48    program     static                          
         Ds18b20WriteByte   0x000b60    program     extern C:\Users\lenovo\Desktop\pic18maplab\1\ds18b20.c
          ___for_lbl00021   0x000b76    program     static                          
          ___for_lbl00019   0x000bc8    program     static                          
       ___return_lbl00018   0x000bd4    program     static                          
          ___for_lbl00020   0x000bd4    program     static                          
          Ds18b20ReadByte   0x000be8    program     extern C:\Users\lenovo\Desktop\pic18maplab\1\ds18b20.c
          ___for_lbl00025   0x000c02    program     static                          
          ___for_lbl00023   0x000c5e    program     static                          
          ___for_lbl00024   0x000c6a    program     static                          
       ___return_lbl00022   0x000c6e    program     static                          
         Ds18b20ChangTemp   0x000c86    program     extern C:\Users\lenovo\Desktop\pic18maplab\1\ds18b20.c
       Ds18b20ReadTempCom   0x000ca6    program     extern C:\Users\lenovo\Desktop\pic18maplab\1\ds18b20.c
          Ds18b20ReadTemp   0x000cc6    program     extern C:\Users\lenovo\Desktop\pic18maplab\1\ds18b20.c
                   delay1   0x000d2e    program     extern C:\Users\lenovo\Desktop\pic18maplab\1\beef.c
                   timer0   0x000d9e    program     extern C:\Users\lenovo\Desktop\pic18maplab\1\beef.c
                     song   0x000dd4    program     extern C:\Users\lenovo\Desktop\pic18maplab\1\beef.c
                 beefring   0x000de8    program     extern C:\Users\lenovo\Desktop\pic18maplab\1\beef.c
                _do_cinit   0x000ea0    program     extern C:\MCC18\src\traditional\startup\c018i.c
                     test   0x000eba    program     static                          
                copy_loop   0x000f12    program     static                          
            copy_one_byte   0x000f18    program     static                          
             done_copying   0x000f26    program     static                          
       ___return_lbl00002   0x000f3c    program     static                          
                     done   0x000f3c    program     static                          
                 FXD1616U   0x000f3e    program     extern C:\MCC18\src\traditional\math\fxd1616u.c
                     loop   0x000f48    program     static                          
                  endloop   0x000f64    program     static                          
       ___return_lbl00000   0x000f68    program     static                          
              Delay1KTCYx   0x000f6a    program     extern C:\MCC18\src\traditional\delays\d1ktcyx.asm
                     D1Kx   0x000f74    program     static C:\MCC18\src\traditional\delays\d1ktcyx.asm
                    D1K_1   0x000f76    program     static C:\MCC18\src\traditional\delays\d1ktcyx.asm
        _D1KTCYXCODE_0010   0x000f7a    program     static C:\MCC18\src\traditional\delays\d1ktcyx.asm
        _D1KTCYXCODE_0016   0x000f80    program     static C:\MCC18\src\traditional\delays\d1ktcyx.asm
            __zero_memory   0x000f8a    program     extern C:\MCC18\src\traditional\proc\p18F45K20.asm
                   loop_h   0x000f98    program     static C:\MCC18\src\traditional\proc\p18F45K20.asm
               zero_block   0x000f98    program     static C:\MCC18\src\traditional\proc\p18F45K20.asm
                compare_l   0x000fa0    program     static C:\MCC18\src\traditional\proc\p18F45K20.asm
                   loop_l   0x000fa2    program     static C:\MCC18\src\traditional\proc\p18F45K20.asm
                 _startup   0x000faa    program     extern C:\MCC18\src\traditional\startup\c018i.c
                     loop   0x000fba    program     static                          
       ___return_lbl00001   0x000fc4    program     static                          
             Delay100TCYx   0x000fc6    program     extern C:\MCC18\src\traditional\delays\d100tcyx.asm
       _D100TCYXCODE_0008   0x000fce    program     static C:\MCC18\src\traditional\delays\d100tcyx.asm
                    D100x   0x000fd2    program     static C:\MCC18\src\traditional\delays\d100tcyx.asm
                   D100_1   0x000fd4    program     static C:\MCC18\src\traditional\delays\d100tcyx.asm
       _D100TCYXCODE_0012   0x000fd8    program     static C:\MCC18\src\traditional\delays\d100tcyx.asm
       _D100TCYXCODE_0018   0x000fde    program     static C:\MCC18\src\traditional\delays\d100tcyx.asm
              Delay10TCYx   0x000fe2    program     extern C:\MCC18\src\traditional\delays\d10tcyx.asm
                     D10x   0x000fea    program     static C:\MCC18\src\traditional\delays\d10tcyx.asm
        _D10TCYXCODE_000A   0x000fec    program     static C:\MCC18\src\traditional\delays\d10tcyx.asm
        _D10TCYXCODE_000C   0x000fee    program     static C:\MCC18\src\traditional\delays\d10tcyx.asm
        _D10TCYXCODE_000E   0x000ff0    program     static C:\MCC18\src\traditional\delays\d10tcyx.asm
                    D10_1   0x000ff2    program     static C:\MCC18\src\traditional\delays\d10tcyx.asm
                     SIGN   0x000000       data     extern C:\MCC18\src\traditional\math\cmath18.asm
            __FPFLAGSbits   0x000001       data     extern C:\MCC18\src\traditional\math\cmath18.asm
                __FPFLAGS   0x000001       data     extern C:\MCC18\src\traditional\math\cmath18.asm
                  __REMB3   0x000002       data     extern C:\MCC18\src\traditional\math\aarg.asm
                 __AARGB7   0x000002       data     extern C:\MCC18\src\traditional\math\aarg.asm
                  __REMB2   0x000003       data     extern C:\MCC18\src\traditional\math\aarg.asm
                 __AARGB6   0x000003       data     extern C:\MCC18\src\traditional\math\aarg.asm
                  __REMB1   0x000004       data     extern C:\MCC18\src\traditional\math\aarg.asm
                 __AARGB5   0x000004       data     extern C:\MCC18\src\traditional\math\aarg.asm
                  __REMB0   0x000005       data     extern C:\MCC18\src\traditional\math\aarg.asm
                 __AARGB4   0x000005       data     extern C:\MCC18\src\traditional\math\aarg.asm
                 __AARGB3   0x000006       data     extern C:\MCC18\src\traditional\math\aarg.asm
                 __AARGB2   0x000007       data     extern C:\MCC18\src\traditional\math\aarg.asm
                 __AARGB1   0x000008       data     extern C:\MCC18\src\traditional\math\aarg.asm
                 __AARGB0   0x000009       data     extern C:\MCC18\src\traditional\math\aarg.asm
                   __AEXP   0x00000a       data     extern C:\MCC18\src\traditional\math\aarg.asm
                 __BARGB3   0x00000b       data     extern C:\MCC18\src\traditional\math\barg.asm
                 __BARGB2   0x00000c       data     extern C:\MCC18\src\traditional\math\barg.asm
                 __BARGB1   0x00000d       data     extern C:\MCC18\src\traditional\math\barg.asm
                 __BARGB0   0x00000e       data     extern C:\MCC18\src\traditional\math\barg.asm
                   __BEXP   0x00000f       data     extern C:\MCC18\src\traditional\math\barg.asm
                 __TEMPB3   0x000010       data     extern C:\MCC18\src\traditional\math\temparg.asm
                 __TEMPB2   0x000011       data     extern C:\MCC18\src\traditional\math\temparg.asm
                 __TEMPB1   0x000012       data     extern C:\MCC18\src\traditional\math\temparg.asm
                   __TEMP   0x000013       data     extern C:\MCC18\src\traditional\math\temparg.asm
                 __TEMPB0   0x000013       data     extern C:\MCC18\src\traditional\math\temparg.asm
                  __tmp_0   0x000014       data     static C:\Users\lenovo\Desktop\pic18maplab\1\beef.c
                  __tmp_0   0x000014       data     static C:\Users\lenovo\Desktop\pic18maplab\1\ds18b20.c
                  __tmp_0   0x000014       data     static C:\Users\lenovo\Desktop\pic18maplab\1\main.c
            DelayCounter1   0x000020       data     extern C:\MCC18\src\traditional\delays\delayd1.asm
                  sszymmh   0x000060       data     extern C:\Users\lenovo\Desktop\pic18maplab\1\beef.c
                    FREQH   0x0000ab       data     extern C:\Users\lenovo\Desktop\pic18maplab\1\beef.c
                    FREQL   0x0000c7       data     extern C:\Users\lenovo\Desktop\pic18maplab\1\beef.c
                   table1   0x0000e3       data     extern C:\Users\lenovo\Desktop\pic18maplab\1\main.c
                   table2   0x0000ee       data     extern C:\Users\lenovo\Desktop\pic18maplab\1\main.c
                  timer0h   0x0000f8       data     extern C:\Users\lenovo\Desktop\pic18maplab\1\beef.c
                  timer0l   0x0000f9       data     extern C:\Users\lenovo\Desktop\pic18maplab\1\beef.c
                     time   0x0000fa       data     extern C:\Users\lenovo\Desktop\pic18maplab\1\beef.c
                     prom   0x000100       data     static C:\MCC18\src\traditional\startup\c018i.c
                curr_byte   0x000103       data     static C:\MCC18\src\traditional\startup\c018i.c
               curr_entry   0x000105       data     static C:\MCC18\src\traditional\startup\c018i.c
                 data_ptr   0x000107       data     static C:\MCC18\src\traditional\startup\c018i.c
                   SSPMSK   0x000f77       data     extern C:\MCC18\src\traditional\proc\p18F45K20.asm
               SSPMSKbits   0x000f77       data     extern C:\MCC18\src\traditional\proc\p18F45K20.asm
                   SLRCON   0x000f78       data     extern C:\MCC18\src\traditional\proc\p18F45K20.asm
               SLRCONbits   0x000f78       data     extern C:\MCC18\src\traditional\proc\p18F45K20.asm
              CM2CON1bits   0x000f79       data     extern C:\MCC18\src\traditional\proc\p18F45K20.asm
                  CM2CON1   0x000f79       data     extern C:\MCC18\src\traditional\proc\p18F45K20.asm
                  CM2CON0   0x000f7a       data     extern C:\MCC18\src\traditional\proc\p18F45K20.asm
              CM2CON0bits   0x000f7a       data     extern C:\MCC18\src\traditional\proc\p18F45K20.asm
                  CM1CON0   0x000f7b       data     extern C:\MCC18\src\traditional\proc\p18F45K20.asm
              CM1CON0bits   0x000f7b       data     extern C:\MCC18\src\traditional\proc\p18F45K20.asm
                 WPUBbits   0x000f7c       data     extern C:\MCC18\src\traditional\proc\p18F45K20.asm
                     WPUB   0x000f7c       data     extern C:\MCC18\src\traditional\proc\p18F45K20.asm
                     IOCB   0x000f7d       data     extern C:\MCC18\src\traditional\proc\p18F45K20.asm
                 IOCBbits   0x000f7d       data     extern C:\MCC18\src\traditional\proc\p18F45K20.asm
                ANSELbits   0x000f7e       data     extern C:\MCC18\src\traditional\proc\p18F45K20.asm
                    ANSEL   0x000f7e       data     extern C:\MCC18\src\traditional\proc\p18F45K20.asm
               ANSELHbits   0x000f7f       data     extern C:\MCC18\src\traditional\proc\p18F45K20.asm
                   ANSELH   0x000f7f       data     extern C:\MCC18\src\traditional\proc\p18F45K20.asm
                PORTAbits   0x000f80       data     extern C:\MCC18\src\traditional\proc\p18F45K20.asm
                    PORTA   0x000f80       data     extern C:\MCC18\src\traditional\proc\p18F45K20.asm
                PORTBbits   0x000f81       data     extern C:\MCC18\src\traditional\proc\p18F45K20.asm
                    PORTB   0x000f81       data     extern C:\MCC18\src\traditional\proc\p18F45K20.asm
                PORTCbits   0x000f82       data     extern C:\MCC18\src\traditional\proc\p18F45K20.asm
                    PORTC   0x000f82       data     extern C:\MCC18\src\traditional\proc\p18F45K20.asm
                PORTDbits   0x000f83       data     extern C:\MCC18\src\traditional\proc\p18F45K20.asm
                    PORTD   0x000f83       data     extern C:\MCC18\src\traditional\proc\p18F45K20.asm
                PORTEbits   0x000f84       data     extern C:\MCC18\src\traditional\proc\p18F45K20.asm
                    PORTE   0x000f84       data     extern C:\MCC18\src\traditional\proc\p18F45K20.asm
                 LATAbits   0x000f89       data     extern C:\MCC18\src\traditional\proc\p18F45K20.asm
                     LATA   0x000f89       data     extern C:\MCC18\src\traditional\proc\p18F45K20.asm
                 LATBbits   0x000f8a       data     extern C:\MCC18\src\traditional\proc\p18F45K20.asm
                     LATB   0x000f8a       data     extern C:\MCC18\src\traditional\proc\p18F45K20.asm
                 LATCbits   0x000f8b       data     extern C:\MCC18\src\traditional\proc\p18F45K20.asm
                     LATC   0x000f8b       data     extern C:\MCC18\src\traditional\proc\p18F45K20.asm
                     LATD   0x000f8c       data     extern C:\MCC18\src\traditional\proc\p18F45K20.asm
                 LATDbits   0x000f8c       data     extern C:\MCC18\src\traditional\proc\p18F45K20.asm
                     LATE   0x000f8d       data     extern C:\MCC18\src\traditional\proc\p18F45K20.asm
                 LATEbits   0x000f8d       data     extern C:\MCC18\src\traditional\proc\p18F45K20.asm
                 DDRAbits   0x000f92       data     extern C:\MCC18\src\traditional\proc\p18F45K20.asm
                     DDRA   0x000f92       data     extern C:\MCC18\src\traditional\proc\p18F45K20.asm
                TRISAbits   0x000f92       data     extern C:\MCC18\src\traditional\proc\p18F45K20.asm
                    TRISA   0x000f92       data     extern C:\MCC18\src\traditional\proc\p18F45K20.asm
                    TRISB   0x000f93       data     extern C:\MCC18\src\traditional\proc\p18F45K20.asm
                TRISBbits   0x000f93       data     extern C:\MCC18\src\traditional\proc\p18F45K20.asm
                     DDRB   0x000f93       data     extern C:\MCC18\src\traditional\proc\p18F45K20.asm
                 DDRBbits   0x000f93       data     extern C:\MCC18\src\traditional\proc\p18F45K20.asm
                 DDRCbits   0x000f94       data     extern C:\MCC18\src\traditional\proc\p18F45K20.asm
                    TRISC   0x000f94       data     extern C:\MCC18\src\traditional\proc\p18F45K20.asm
                TRISCbits   0x000f94       data     extern C:\MCC18\src\traditional\proc\p18F45K20.asm
                     DDRC   0x000f94       data     extern C:\MCC18\src\traditional\proc\p18F45K20.asm
                TRISDbits   0x000f95       data     extern C:\MCC18\src\traditional\proc\p18F45K20.asm
                    TRISD   0x000f95       data     extern C:\MCC18\src\traditional\proc\p18F45K20.asm
                     DDRD   0x000f95       data     extern C:\MCC18\src\traditional\proc\p18F45K20.asm
                 DDRDbits   0x000f95       data     extern C:\MCC18\src\traditional\proc\p18F45K20.asm
                 DDREbits   0x000f96       data     extern C:\MCC18\src\traditional\proc\p18F45K20.asm
                     DDRE   0x000f96       data     extern C:\MCC18\src\traditional\proc\p18F45K20.asm
                    TRISE   0x000f96       data     extern C:\MCC18\src\traditional\proc\p18F45K20.asm
                TRISEbits   0x000f96       data     extern C:\MCC18\src\traditional\proc\p18F45K20.asm
              OSCTUNEbits   0x000f9b       data     extern C:\MCC18\src\traditional\proc\p18F45K20.asm
                  OSCTUNE   0x000f9b       data     extern C:\MCC18\src\traditional\proc\p18F45K20.asm
                     PIE1   0x000f9d       data     extern C:\MCC18\src\traditional\proc\p18F45K20.asm
                 PIE1bits   0x000f9d       data     extern C:\MCC18\src\traditional\proc\p18F45K20.asm
                     PIR1   0x000f9e       data     extern C:\MCC18\src\traditional\proc\p18F45K20.asm
                 PIR1bits   0x000f9e       data     extern C:\MCC18\src\traditional\proc\p18F45K20.asm
                     IPR1   0x000f9f       data     extern C:\MCC18\src\traditional\proc\p18F45K20.asm
                 IPR1bits   0x000f9f       data     extern C:\MCC18\src\traditional\proc\p18F45K20.asm
                     PIE2   0x000fa0       data     extern C:\MCC18\src\traditional\proc\p18F45K20.asm
                 PIE2bits   0x000fa0       data     extern C:\MCC18\src\traditional\proc\p18F45K20.asm
                     PIR2   0x000fa1       data     extern C:\MCC18\src\traditional\proc\p18F45K20.asm
                 PIR2bits   0x000fa1       data     extern C:\MCC18\src\traditional\proc\p18F45K20.asm
                     IPR2   0x000fa2       data     extern C:\MCC18\src\traditional\proc\p18F45K20.asm
                 IPR2bits   0x000fa2       data     extern C:\MCC18\src\traditional\proc\p18F45K20.asm
               EECON1bits   0x000fa6       data     extern C:\MCC18\src\traditional\proc\p18F45K20.asm
                   EECON1   0x000fa6       data     extern C:\MCC18\src\traditional\proc\p18F45K20.asm
                   EECON2   0x000fa7       data     extern C:\MCC18\src\traditional\proc\p18F45K20.asm
                   EEDATA   0x000fa8       data     extern C:\MCC18\src\traditional\proc\p18F45K20.asm
                    EEADR   0x000fa9       data     extern C:\MCC18\src\traditional\proc\p18F45K20.asm
                    RCSTA   0x000fab       data     extern C:\MCC18\src\traditional\proc\p18F45K20.asm
                RCSTAbits   0x000fab       data     extern C:\MCC18\src\traditional\proc\p18F45K20.asm
                    TXSTA   0x000fac       data     extern C:\MCC18\src\traditional\proc\p18F45K20.asm
                TXSTAbits   0x000fac       data     extern C:\MCC18\src\traditional\proc\p18F45K20.asm
                    TXREG   0x000fad       data     extern C:\MCC18\src\traditional\proc\p18F45K20.asm
                    RCREG   0x000fae       data     extern C:\MCC18\src\traditional\proc\p18F45K20.asm
                    SPBRG   0x000faf       data     extern C:\MCC18\src\traditional\proc\p18F45K20.asm
                   SPBRGH   0x000fb0       data     extern C:\MCC18\src\traditional\proc\p18F45K20.asm
                T3CONbits   0x000fb1       data     extern C:\MCC18\src\traditional\proc\p18F45K20.asm
                    T3CON   0x000fb1       data     extern C:\MCC18\src\traditional\proc\p18F45K20.asm
                    TMR3L   0x000fb2       data     extern C:\MCC18\src\traditional\proc\p18F45K20.asm
                    TMR3H   0x000fb3       data     extern C:\MCC18\src\traditional\proc\p18F45K20.asm
              CVRCON2bits   0x000fb4       data     extern C:\MCC18\src\traditional\proc\p18F45K20.asm
                  CVRCON2   0x000fb4       data     extern C:\MCC18\src\traditional\proc\p18F45K20.asm
               CVRCONbits   0x000fb5       data     extern C:\MCC18\src\traditional\proc\p18F45K20.asm
                   CVRCON   0x000fb5       data     extern C:\MCC18\src\traditional\proc\p18F45K20.asm
              ECCP1ASbits   0x000fb6       data     extern C:\MCC18\src\traditional\proc\p18F45K20.asm
                  ECCP1AS   0x000fb6       data     extern C:\MCC18\src\traditional\proc\p18F45K20.asm
              PWM1CONbits   0x000fb7       data     extern C:\MCC18\src\traditional\proc\p18F45K20.asm
                  PWM1CON   0x000fb7       data     extern C:\MCC18\src\traditional\proc\p18F45K20.asm
                  BAUDCON   0x000fb8       data     extern C:\MCC18\src\traditional\proc\p18F45K20.asm
              BAUDCONbits   0x000fb8       data     extern C:\MCC18\src\traditional\proc\p18F45K20.asm
                  BAUDCTL   0x000fb8       data     extern C:\MCC18\src\traditional\proc\p18F45K20.asm
              BAUDCTLbits   0x000fb8       data     extern C:\MCC18\src\traditional\proc\p18F45K20.asm
              PSTRCONbits   0x000fb9       data     extern C:\MCC18\src\traditional\proc\p18F45K20.asm
                  PSTRCON   0x000fb9       data     extern C:\MCC18\src\traditional\proc\p18F45K20.asm
              CCP2CONbits   0x000fba       data     extern C:\MCC18\src\traditional\proc\p18F45K20.asm
                  CCP2CON   0x000fba       data     extern C:\MCC18\src\traditional\proc\p18F45K20.asm
                   CCPR2L   0x000fbb       data     extern C:\MCC18\src\traditional\proc\p18F45K20.asm
                    CCPR2   0x000fbb       data     extern C:\MCC18\src\traditional\proc\p18F45K20.asm
                   CCPR2H   0x000fbc       data     extern C:\MCC18\src\traditional\proc\p18F45K20.asm
              CCP1CONbits   0x000fbd       data     extern C:\MCC18\src\traditional\proc\p18F45K20.asm
                  CCP1CON   0x000fbd       data     extern C:\MCC18\src\traditional\proc\p18F45K20.asm
                    CCPR1   0x000fbe       data     extern C:\MCC18\src\traditional\proc\p18F45K20.asm
                   CCPR1L   0x000fbe       data     extern C:\MCC18\src\traditional\proc\p18F45K20.asm
                   CCPR1H   0x000fbf       data     extern C:\MCC18\src\traditional\proc\p18F45K20.asm
               ADCON2bits   0x000fc0       data     extern C:\MCC18\src\traditional\proc\p18F45K20.asm
                   ADCON2   0x000fc0       data     extern C:\MCC18\src\traditional\proc\p18F45K20.asm
               ADCON1bits   0x000fc1       data     extern C:\MCC18\src\traditional\proc\p18F45K20.asm
                   ADCON1   0x000fc1       data     extern C:\MCC18\src\traditional\proc\p18F45K20.asm
               ADCON0bits   0x000fc2       data     extern C:\MCC18\src\traditional\proc\p18F45K20.asm
                   ADCON0   0x000fc2       data     extern C:\MCC18\src\traditional\proc\p18F45K20.asm
                    ADRES   0x000fc3       data     extern C:\MCC18\src\traditional\proc\p18F45K20.asm
                   ADRESL   0x000fc3       data     extern C:\MCC18\src\traditional\proc\p18F45K20.asm
                   ADRESH   0x000fc4       data     extern C:\MCC18\src\traditional\proc\p18F45K20.asm
                  SSPCON2   0x000fc5       data     extern C:\MCC18\src\traditional\proc\p18F45K20.asm
              SSPCON2bits   0x000fc5       data     extern C:\MCC18\src\traditional\proc\p18F45K20.asm
              SSPCON1bits   0x000fc6       data     extern C:\MCC18\src\traditional\proc\p18F45K20.asm
                  SSPCON1   0x000fc6       data     extern C:\MCC18\src\traditional\proc\p18F45K20.asm
                  SSPSTAT   0x000fc7       data     extern C:\MCC18\src\traditional\proc\p18F45K20.asm
              SSPSTATbits   0x000fc7       data     extern C:\MCC18\src\traditional\proc\p18F45K20.asm
                   SSPADD   0x000fc8       data     extern C:\MCC18\src\traditional\proc\p18F45K20.asm
                   SSPBUF   0x000fc9       data     extern C:\MCC18\src\traditional\proc\p18F45K20.asm
                    T2CON   0x000fca       data     extern C:\MCC18\src\traditional\proc\p18F45K20.asm
                T2CONbits   0x000fca       data     extern C:\MCC18\src\traditional\proc\p18F45K20.asm
                      PR2   0x000fcb       data     extern C:\MCC18\src\traditional\proc\p18F45K20.asm
                     TMR2   0x000fcc       data     extern C:\MCC18\src\traditional\proc\p18F45K20.asm
                T1CONbits   0x000fcd       data     extern C:\MCC18\src\traditional\proc\p18F45K20.asm
                    T1CON   0x000fcd       data     extern C:\MCC18\src\traditional\proc\p18F45K20.asm
                    TMR1L   0x000fce       data     extern C:\MCC18\src\traditional\proc\p18F45K20.asm
                    TMR1H   0x000fcf       data     extern C:\MCC18\src\traditional\proc\p18F45K20.asm
                     RCON   0x000fd0       data     extern C:\MCC18\src\traditional\proc\p18F45K20.asm
                 RCONbits   0x000fd0       data     extern C:\MCC18\src\traditional\proc\p18F45K20.asm
                   WDTCON   0x000fd1       data     extern C:\MCC18\src\traditional\proc\p18F45K20.asm
               WDTCONbits   0x000fd1       data     extern C:\MCC18\src\traditional\proc\p18F45K20.asm
              HLVDCONbits   0x000fd2       data     extern C:\MCC18\src\traditional\proc\p18F45K20.asm
                   LVDCON   0x000fd2       data     extern C:\MCC18\src\traditional\proc\p18F45K20.asm
               LVDCONbits   0x000fd2       data     extern C:\MCC18\src\traditional\proc\p18F45K20.asm
                  HLVDCON   0x000fd2       data     extern C:\MCC18\src\traditional\proc\p18F45K20.asm
                   OSCCON   0x000fd3       data     extern C:\MCC18\src\traditional\proc\p18F45K20.asm
               OSCCONbits   0x000fd3       data     extern C:\MCC18\src\traditional\proc\p18F45K20.asm
                    T0CON   0x000fd5       data     extern C:\MCC18\src\traditional\proc\p18F45K20.asm
                T0CONbits   0x000fd5       data     extern C:\MCC18\src\traditional\proc\p18F45K20.asm
                    TMR0L   0x000fd6       data     extern C:\MCC18\src\traditional\proc\p18F45K20.asm
                    TMR0H   0x000fd7       data     extern C:\MCC18\src\traditional\proc\p18F45K20.asm
                   STATUS   0x000fd8       data     extern C:\MCC18\src\traditional\proc\p18F45K20.asm
               STATUSbits   0x000fd8       data     extern C:\MCC18\src\traditional\proc\p18F45K20.asm
                     FSR2   0x000fd9       data     extern C:\MCC18\src\traditional\proc\p18F45K20.asm
                    FSR2L   0x000fd9       data     extern C:\MCC18\src\traditional\proc\p18F45K20.asm
                    FSR2H   0x000fda       data     extern C:\MCC18\src\traditional\proc\p18F45K20.asm
                   PLUSW2   0x000fdb       data     extern C:\MCC18\src\traditional\proc\p18F45K20.asm
                  PREINC2   0x000fdc       data     extern C:\MCC18\src\traditional\proc\p18F45K20.asm
                 POSTDEC2   0x000fdd       data     extern C:\MCC18\src\traditional\proc\p18F45K20.asm
                 POSTINC2   0x000fde       data     extern C:\MCC18\src\traditional\proc\p18F45K20.asm
                    INDF2   0x000fdf       data     extern C:\MCC18\src\traditional\proc\p18F45K20.asm
                      BSR   0x000fe0       data     extern C:\MCC18\src\traditional\proc\p18F45K20.asm
                    FSR1L   0x000fe1       data     extern C:\MCC18\src\traditional\proc\p18F45K20.asm
                     FSR1   0x000fe1       data     extern C:\MCC18\src\traditional\proc\p18F45K20.asm
                    FSR1H   0x000fe2       data     extern C:\MCC18\src\traditional\proc\p18F45K20.asm
                   PLUSW1   0x000fe3       data     extern C:\MCC18\src\traditional\proc\p18F45K20.asm
                  PREINC1   0x000fe4       data     extern C:\MCC18\src\traditional\proc\p18F45K20.asm
                 POSTDEC1   0x000fe5       data     extern C:\MCC18\src\traditional\proc\p18F45K20.asm
                 POSTINC1   0x000fe6       data     extern C:\MCC18\src\traditional\proc\p18F45K20.asm
                    INDF1   0x000fe7       data     extern C:\MCC18\src\traditional\proc\p18F45K20.asm
                     WREG   0x000fe8       data     extern C:\MCC18\src\traditional\proc\p18F45K20.asm
                        W   0x000fe8       data     extern C:\MCC18\src\traditional\proc\p18F45K20.asm
                     FSR0   0x000fe9       data     extern C:\MCC18\src\traditional\proc\p18F45K20.asm
                    FSR0L   0x000fe9       data     extern C:\MCC18\src\traditional\proc\p18F45K20.asm
                    FSR0H   0x000fea       data     extern C:\MCC18\src\traditional\proc\p18F45K20.asm
                   PLUSW0   0x000feb       data     extern C:\MCC18\src\traditional\proc\p18F45K20.asm
                  PREINC0   0x000fec       data     extern C:\MCC18\src\traditional\proc\p18F45K20.asm
                 POSTDEC0   0x000fed       data     extern C:\MCC18\src\traditional\proc\p18F45K20.asm
                 POSTINC0   0x000fee       data     extern C:\MCC18\src\traditional\proc\p18F45K20.asm
                    INDF0   0x000fef       data     extern C:\MCC18\src\traditional\proc\p18F45K20.asm
                  INTCON3   0x000ff0       data     extern C:\MCC18\src\traditional\proc\p18F45K20.asm
              INTCON3bits   0x000ff0       data     extern C:\MCC18\src\traditional\proc\p18F45K20.asm
                  INTCON2   0x000ff1       data     extern C:\MCC18\src\traditional\proc\p18F45K20.asm
              INTCON2bits   0x000ff1       data     extern C:\MCC18\src\traditional\proc\p18F45K20.asm
                   INTCON   0x000ff2       data     extern C:\MCC18\src\traditional\proc\p18F45K20.asm
               INTCONbits   0x000ff2       data     extern C:\MCC18\src\traditional\proc\p18F45K20.asm
                    PRODL   0x000ff3       data     extern C:\MCC18\src\traditional\proc\p18F45K20.asm
                     PROD   0x000ff3       data     extern C:\MCC18\src\traditional\proc\p18F45K20.asm
                    PRODH   0x000ff4       data     extern C:\MCC18\src\traditional\proc\p18F45K20.asm
                   TABLAT   0x000ff5       data     extern C:\MCC18\src\traditional\proc\p18F45K20.asm
                  TBLPTRL   0x000ff6       data     extern C:\MCC18\src\traditional\proc\p18F45K20.asm
                   TBLPTR   0x000ff6       data     extern C:\MCC18\src\traditional\proc\p18F45K20.asm
                  TBLPTRH   0x000ff7       data     extern C:\MCC18\src\traditional\proc\p18F45K20.asm
                  TBLPTRU   0x000ff8       data     extern C:\MCC18\src\traditional\proc\p18F45K20.asm
                       PC   0x000ff9       data     extern C:\MCC18\src\traditional\proc\p18F45K20.asm
                      PCL   0x000ff9       data     extern C:\MCC18\src\traditional\proc\p18F45K20.asm
                   PCLATH   0x000ffa       data     extern C:\MCC18\src\traditional\proc\p18F45K20.asm
                   PCLATU   0x000ffb       data     extern C:\MCC18\src\traditional\proc\p18F45K20.asm
                   STKPTR   0x000ffc       data     extern C:\MCC18\src\traditional\proc\p18F45K20.asm
               STKPTRbits   0x000ffc       data     extern C:\MCC18\src\traditional\proc\p18F45K20.asm
                     TOSL   0x000ffd       data     extern C:\MCC18\src\traditional\proc\p18F45K20.asm
                      TOS   0x000ffd       data     extern C:\MCC18\src\traditional\proc\p18F45K20.asm
                     TOSH   0x000ffe       data     extern C:\MCC18\src\traditional\proc\p18F45K20.asm
                     TOSU   0x000fff       data     extern C:\MCC18\src\traditional\proc\p18F45K20.asm


